Archive member included to satisfy reference by file (symbol)

app/libapp.a(shmem.c.obj)     (--whole-archive)
app/libapp.a(main.c.obj)      (--whole-archive)
zephyr/libzephyr.a(heap.c.obj)
                              (--whole-archive)
zephyr/libzephyr.a(cbprintf_packaged.c.obj)
                              (--whole-archive)
zephyr/libzephyr.a(printk.c.obj)
                              (--whole-archive)
zephyr/libzephyr.a(sem.c.obj)
                              (--whole-archive)
zephyr/libzephyr.a(thread_entry.c.obj)
                              (--whole-archive)
zephyr/libzephyr.a(cbprintf_complete.c.obj)
                              (--whole-archive)
zephyr/libzephyr.a(assert.c.obj)
                              (--whole-archive)
zephyr/libzephyr.a(mpsc_pbuf.c.obj)
                              (--whole-archive)
zephyr/libzephyr.a(dec.c.obj)
                              (--whole-archive)
zephyr/libzephyr.a(hex.c.obj)
                              (--whole-archive)
zephyr/libzephyr.a(rb.c.obj)  (--whole-archive)
zephyr/libzephyr.a(timeutil.c.obj)
                              (--whole-archive)
zephyr/libzephyr.a(bitarray.c.obj)
                              (--whole-archive)
zephyr/libzephyr.a(onoff.c.obj)
                              (--whole-archive)
zephyr/libzephyr.a(notify.c.obj)
                              (--whole-archive)
zephyr/libzephyr.a(configs.c.obj)
                              (--whole-archive)
zephyr/libzephyr.a(log_core.c.obj)
                              (--whole-archive)
zephyr/libzephyr.a(log_mgmt.c.obj)
                              (--whole-archive)
zephyr/libzephyr.a(log_cache.c.obj)
                              (--whole-archive)
zephyr/libzephyr.a(log_msg.c.obj)
                              (--whole-archive)
zephyr/libzephyr.a(log_output.c.obj)
                              (--whole-archive)
zephyr/libzephyr.a(log_backend_uart.c.obj)
                              (--whole-archive)
zephyr/libzephyr.a(mem_attr.c.obj)
                              (--whole-archive)
zephyr/libzephyr.a(tracing_none.c.obj)
                              (--whole-archive)
zephyr/libzephyr.a(banner.c.obj)
                              (--whole-archive)
zephyr/libzephyr.a(flash_map_partition_manager.c.obj)
                              (--whole-archive)
zephyr/arch/common/libarch__common.a(sw_isr_common.c.obj)
                              (--whole-archive)
zephyr/arch/arch/arm/core/libarch__arm__core.a(fatal.c.obj)
                              (--whole-archive)
zephyr/arch/arch/arm/core/libarch__arm__core.a(nmi.c.obj)
                              (--whole-archive)
zephyr/arch/arch/arm/core/libarch__arm__core.a(nmi_on_reset.S.obj)
                              (--whole-archive)
zephyr/arch/arch/arm/core/libarch__arm__core.a(tls.c.obj)
                              (--whole-archive)
zephyr/arch/arch/arm/core/cortex_m/libarch__arm__core__cortex_m.a(exc_exit.c.obj)
                              (--whole-archive)
zephyr/arch/arch/arm/core/cortex_m/libarch__arm__core__cortex_m.a(fault.c.obj)
                              (--whole-archive)
zephyr/arch/arch/arm/core/cortex_m/libarch__arm__core__cortex_m.a(fault_s.S.obj)
                              (--whole-archive)
zephyr/arch/arch/arm/core/cortex_m/libarch__arm__core__cortex_m.a(fpu.c.obj)
                              (--whole-archive)
zephyr/arch/arch/arm/core/cortex_m/libarch__arm__core__cortex_m.a(reset.S.obj)
                              (--whole-archive)
zephyr/arch/arch/arm/core/cortex_m/libarch__arm__core__cortex_m.a(scb.c.obj)
                              (--whole-archive)
zephyr/arch/arch/arm/core/cortex_m/libarch__arm__core__cortex_m.a(thread_abort.c.obj)
                              (--whole-archive)
zephyr/arch/arch/arm/core/cortex_m/libarch__arm__core__cortex_m.a(vector_table.S.obj)
                              (--whole-archive)
zephyr/arch/arch/arm/core/cortex_m/libarch__arm__core__cortex_m.a(swap.c.obj)
                              (--whole-archive)
zephyr/arch/arch/arm/core/cortex_m/libarch__arm__core__cortex_m.a(swap_helper.S.obj)
                              (--whole-archive)
zephyr/arch/arch/arm/core/cortex_m/libarch__arm__core__cortex_m.a(irq_manage.c.obj)
                              (--whole-archive)
zephyr/arch/arch/arm/core/cortex_m/libarch__arm__core__cortex_m.a(prep_c.c.obj)
                              (--whole-archive)
zephyr/arch/arch/arm/core/cortex_m/libarch__arm__core__cortex_m.a(thread.c.obj)
                              (--whole-archive)
zephyr/arch/arch/arm/core/cortex_m/libarch__arm__core__cortex_m.a(cpu_idle.c.obj)
                              (--whole-archive)
zephyr/arch/arch/arm/core/cortex_m/libarch__arm__core__cortex_m.a(irq_init.c.obj)
                              (--whole-archive)
zephyr/arch/arch/arm/core/cortex_m/libarch__arm__core__cortex_m.a(isr_wrapper.c.obj)
                              (--whole-archive)
[...]
Memory Configuration

Name             Origin             Length             Attributes
FLASH            0x0000000000008000 0x00000000000f8000 xr
RAM              0x000000002000c568 0x0000000000033a98 xw
IDT_LIST         0x00000000ffff7fff 0x0000000000008000 xw
*default*        0x0000000000000000 0xffffffffffffffff

Linker script and memory map

                0x000000000000f96c                vfprintf = __l_vfprintf
                0x0000000000000000                vfscanf = __l_vfscanf
LOAD zephyr/CMakeFiles/zephyr_final.dir/misc/empty_file.c.obj
LOAD zephyr/CMakeFiles/zephyr_final.dir/isr_tables.c.obj
LOAD zephyr/CMakeFiles/offsets.dir/./arch/arm/core/offsets/offsets.c.obj
LOAD tfm/api_ns/interface/lib/s_veneers.o
LOAD app/libapp.a
LOAD zephyr/libzephyr.a
LOAD zephyr/arch/common/libarch__common.a
LOAD zephyr/arch/arch/arm/core/libarch__arm__core.a
LOAD zephyr/arch/arch/arm/core/cortex_m/libarch__arm__core__cortex_m.a
LOAD zephyr/arch/arch/arm/core/cortex_m/cmse/libarch__arm__core__cortex_m__cmse.a
LOAD zephyr/arch/arch/arm/core/mpu/libarch__arm__core__mpu.a
LOAD zephyr/lib/libc/picolibc/liblib__libc__picolibc.a
LOAD zephyr/lib/libc/common/liblib__libc__common.a
LOAD zephyr/soc/soc/nrf9151/libsoc__nordic.a
LOAD zephyr/drivers/clock_control/libdrivers__clock_control.a
LOAD zephyr/drivers/console/libdrivers__console.a
LOAD zephyr/drivers/gpio/libdrivers__gpio.a
LOAD zephyr/drivers/led_strip/libdrivers__led_strip.a
LOAD zephyr/drivers/pinctrl/libdrivers__pinctrl.a
LOAD zephyr/drivers/serial/libdrivers__serial.a
LOAD zephyr/drivers/spi/libdrivers__spi.a
LOAD zephyr/drivers/timer/libdrivers__timer.a
LOAD modules/nrf/lib/nrf_modem_lib/lib..__nrf__lib__nrf_modem_lib.a
LOAD modules/nrf/lib/modem_antenna/lib..__nrf__lib__modem_antenna.a
LOAD modules/nrf/subsys/nrf_security/src/zephyr/libmbedtls_zephyr.a
LOAD modules/nrf/modules/trusted-firmware-m/lib..__nrf__modules__trusted-firmware-m.a
LOAD modules/nrf/modules/trusted-firmware-m/libtfm_api_nrf.a
LOAD modules/trusted-firmware-m/libtfm_api.a
LOAD modules/hal_nordic/nrfx/libmodules__hal_nordic__nrfx.a
LOAD /home/parth/ncs/v2.8.0/nrfxlib/nrf_modem/lib/cellular/nrf9120/soft-float/libmodem.a
LOAD zephyr/kernel/libkernel.a
LOAD /home/parth/ncs/toolchains/b81a7cd864/opt/zephyr-sdk/arm-zephyr-eabi/bin/../lib/gcc/arm-zephyr-eabi/12.2.0/thumb/v8-m.main/nofp/libgcc.a
LOAD zephyr/arch/common/libisr_tables.a
LOAD modules/nrf/subsys/nrf_security/src/libmbedcrypto.a
LOAD modules/nrf/subsys/nrf_security/src/libmbedcrypto_base.a
LOAD modules/nrf/subsys/nrf_security/src/libnrf_security_utils.a
LOAD zephyr/kernel/libkernel.a
LOAD /home/parth/ncs/v2.8.0/nrfxlib/crypto/nrf_oberon/lib/cortex-m33/soft-float/liboberon_mbedtls_3.0.15.a
LOAD /home/parth/ncs/v2.8.0/nrfxlib/crypto/nrf_oberon/lib/cortex-m33/soft-float/liboberon_3.0.15.a
LOAD /home/parth/ncs/toolchains/b81a7cd864/opt/zephyr-sdk/arm-zephyr-eabi/bin/../lib/gcc/../../picolibc/arm-zephyr-eabi/lib/thumb/v8-m.main/nofp/libc.a
LOAD /home/parth/ncs/toolchains/b81a7cd864/opt/zephyr-sdk/arm-zephyr-eabi/bin/../lib/gcc/arm-zephyr-eabi/12.2.0/thumb/v8-m.main/nofp/libgcc.a
                0x0000000000000020                _region_min_align = 0x20

.rel.plt        0x0000000000008000        0x0
 *(SORT_BY_ALIGNMENT(.rel.plt))
                [!provide]                        PROVIDE (__rel_iplt_start = .)
 *(SORT_BY_ALIGNMENT(.rel.iplt))
 .rel.iplt      0x0000000000008000        0x0 zephyr/CMakeFiles/zephyr_final.dir/isr_tables.c.obj
                [!provide]                        PROVIDE (__rel_iplt_end = .)

.rela.plt       0x0000000000000000        0x0
 *(SORT_BY_ALIGNMENT(.rela.plt))
                [!provide]                        PROVIDE (__rela_iplt_start = .)
 *(SORT_BY_ALIGNMENT(.rela.iplt))
                [!provide]                        PROVIDE (__rela_iplt_end = .)

.rel.dyn
 *(SORT_BY_ALIGNMENT(.rel.*))

.rela.dyn
 *(SORT_BY_ALIGNMENT(.rela.*))

/DISCARD/
 *(SORT_BY_ALIGNMENT(.plt))

/DISCARD/
 *(SORT_BY_ALIGNMENT(.iplt))
                0x0000000000008000                __rom_region_start = 0x8000

rom_start       0x0000000000008000      0x144
                0x0000000000008000                __rom_start_address = .
 FILL mask 0x00
                0x0000000000008000                . = (. + (0x0 - (. - __rom_start_address)))
                0x0000000000008000                . = ALIGN (0x4)
                0x0000000000008000                . = ALIGN (0x80)
                0x0000000000008000                . = ALIGN (0x200)
                0x0000000000008000                _vector_start = .
 *(SORT_BY_ALIGNMENT(.exc_vector_table))
 *(SORT_BY_ALIGNMENT(.exc_vector_table.*))
 .exc_vector_table._vector_table_section
                0x0000000000008000       0x40 zephyr/arch/arch/arm/core/cortex_m/libarch__arm__core__cortex_m.a(vector_table.S.obj)
                0x0000000000008000                _vector_table
 *(SORT_BY_ALIGNMENT(.vectors))
                0x0000000000008144                _vector_end = .
                0x0000000000008040                . = ALIGN (0x4)
 *(SORT_BY_ALIGNMENT(.gnu.linkonce.irq_vector_table*))
 .gnu.linkonce.irq_vector_table
                0x0000000000008040      0x104 zephyr/CMakeFiles/zephyr_final.dir/isr_tables.c.obj
                0x0000000000008040                _irq_vector_table
                0x0000000000008144                _vector_end = .

text            0x0000000000008144     0x9f6c
                0x0000000000008144                __text_region_start = .
 *(SORT_BY_ALIGNMENT(.text))
 .text          0x0000000000008144       0x30 /home/parth/ncs/toolchains/b81a7cd864/opt/zephyr-sdk/arm-zephyr-eabi/bin/../lib/gcc/arm-zephyr-eabi/12.2.0/thumb/v8-m.main/nofp/libgcc.a(_aeabi_uldivmod.o)
                0x0000000000008144                __aeabi_uldivmod
 .text          0x0000000000008174        0x4 /home/parth/ncs/toolchains/b81a7cd864/opt/zephyr-sdk/arm-zephyr-eabi/bin/../lib/gcc/arm-zephyr-eabi/12.2.0/thumb/v8-m.main/nofp/libgcc.a(_dvmd_tls.o)
                0x0000000000008174                __aeabi_ldiv0
                0x0000000000008174                __aeabi_idiv0
 .text          0x0000000000008178      0x29c /home/parth/ncs/toolchains/b81a7cd864/opt/zephyr-sdk/arm-zephyr-eabi/bin/../lib/gcc/arm-zephyr-eabi/12.2.0/thumb/v8-m.main/nofp/libgcc.a(_udivmoddi4.o)
                0x0000000000008178                __udivmoddi4
 .text          0x0000000000008414       0x10 /home/parth/ncs/toolchains/b81a7cd864/opt/zephyr-sdk/arm-zephyr-eabi/bin/../lib/gcc/../../picolibc/arm-zephyr-eabi/lib/thumb/v8-m.main/nofp/libc.a(strlen.S.o)
                0x0000000000008414                strlen
 *(SORT_BY_ALIGNMENT(.text.*))
 .text.main     0x0000000000008424      0x190 app/libapp.a(main.c.obj)
                0x0000000000008424                main
 .text.cbvprintf_package
                0x00000000000085b4      0x3a4 zephyr/libzephyr.a(cbprintf_packaged.c.obj)
                0x00000000000085b4                cbvprintf_package
 .text.cbprintf_package_convert
                0x0000000000008958      0x3c0 zephyr/libzephyr.a(cbprintf_packaged.c.obj)
                0x0000000000008958                cbprintf_package_convert
 .text.__printk_hook_install
                0x0000000000008d18        0xc zephyr/libzephyr.a(printk.c.obj)
                0x0000000000008d18                __printk_hook_install
 .text.z_thread_entry
                0x0000000000008d24       0x34 zephyr/libzephyr.a(thread_entry.c.obj)
                0x0000000000008d24                z_thread_entry
 .text.process_event
                0x0000000000008d58      0x21c zephyr/libzephyr.a(onoff.c.obj)
 .text.activate_foreach_backend
                0x0000000000008f74       0x64 zephyr/libzephyr.a(log_core.c.obj)
 .text.enable_logger
                0x0000000000008fd8       0x5c zephyr/libzephyr.a(log_core.c.obj)
 .text.log_process_thread_timer_expiry_fn
                0x0000000000009034        0xc zephyr/libzephyr.a(log_core.c.obj)
 .text.z_log_init
                0x0000000000009040       0x90 zephyr/libzephyr.a(log_core.c.obj)
 .text.log_format_func_t_get
                0x00000000000090d0        0xc zephyr/libzephyr.a(log_core.c.obj)
                0x00000000000090d0                log_format_func_t_get
 .text.log_set_timestamp_func
                0x00000000000090dc       0x20 zephyr/libzephyr.a(log_core.c.obj)
                0x00000000000090dc                log_set_timestamp_func
 .text.z_log_notify_backend_enabled
                0x00000000000090fc       0x1c zephyr/libzephyr.a(log_core.c.obj)
                0x00000000000090fc                z_log_notify_backend_enabled
 .text.z_log_dropped
                0x0000000000009118       0x3c zephyr/libzephyr.a(log_core.c.obj)
                0x0000000000009118                z_log_dropped
 .text.z_log_dropped_read_and_clear
                0x0000000000009154       0x18 zephyr/libzephyr.a(log_core.c.obj)
                0x0000000000009154                z_log_dropped_read_and_clear
 .text.dropped_notify
                0x000000000000916c       0x30 zephyr/libzephyr.a(log_core.c.obj)
                0x000000000000916c                dropped_notify
 .text.z_log_msg_init
                0x000000000000919c       0x20 zephyr/libzephyr.a(log_core.c.obj)
                0x000000000000919c                z_log_msg_init
 .text.log_core_init
                0x00000000000091bc       0x34 zephyr/libzephyr.a(log_core.c.obj)
                0x00000000000091bc                log_core_init
 .text.z_log_msg_alloc
                0x00000000000091f0       0x10 zephyr/libzephyr.a(log_core.c.obj)
                0x00000000000091f0                z_log_msg_alloc
 .text.z_log_msg_local_claim
                0x0000000000009200        0xc zephyr/libzephyr.a(log_core.c.obj)
                0x0000000000009200                z_log_msg_local_claim
 .text.z_log_msg_free
                0x000000000000920c       0x10 zephyr/libzephyr.a(log_core.c.obj)
                0x000000000000920c                z_log_msg_free
 .text.z_log_msg_pending
                0x000000000000921c        0xc zephyr/libzephyr.a(log_core.c.obj)
                0x000000000000921c                z_log_msg_pending
 .text.z_impl_log_process
                0x0000000000009228       0xb4 zephyr/libzephyr.a(log_core.c.obj)
                0x0000000000009228                z_impl_log_process
 .text.z_impl_log_panic
                0x00000000000092dc       0x44 zephyr/libzephyr.a(log_core.c.obj)
                0x00000000000092dc                z_impl_log_panic
 .text.log_process_thread_func
                0x0000000000009320       0xa4 zephyr/libzephyr.a(log_core.c.obj)
 .text.z_log_msg_post_finalize
                0x00000000000093c4       0x78 zephyr/libzephyr.a(log_core.c.obj)
 .text.z_log_msg_commit
                0x000000000000943c       0x24 zephyr/libzephyr.a(log_core.c.obj)
                0x000000000000943c                z_log_msg_commit
 .text.log_source_name_get
                0x0000000000009460       0x1c zephyr/libzephyr.a(log_mgmt.c.obj)
                0x0000000000009460                log_source_name_get
 .text.log_backend_enable
                0x000000000000947c       0x28 zephyr/libzephyr.a(log_mgmt.c.obj)
                0x000000000000947c                log_backend_enable
 .text.z_impl_z_log_msg_static_create
                0x00000000000094a4      0x108 zephyr/libzephyr.a(log_msg.c.obj)
                0x00000000000094a4                z_impl_z_log_msg_static_create
 .text.z_log_msg_runtime_vcreate
                0x00000000000095ac       0xa0 zephyr/libzephyr.a(log_msg.c.obj)
                0x00000000000095ac                z_log_msg_runtime_vcreate
 .text.log_msg_get_source_id
                0x000000000000964c       0x18 zephyr/libzephyr.a(log_msg.c.obj)
                0x000000000000964c                log_msg_get_source_id
 .text.print_formatted
                0x0000000000009664       0x24 zephyr/libzephyr.a(log_output.c.obj)
 .text.newline_print
                0x0000000000009688       0x1c zephyr/libzephyr.a(log_output.c.obj)
 .text.log_output_process
                0x00000000000096a4      0x2d4 zephyr/libzephyr.a(log_output.c.obj)
                0x00000000000096a4                log_output_process
 .text.log_output_dropped_process
                0x0000000000009978       0x58 zephyr/libzephyr.a(log_output.c.obj)
                0x0000000000009978                log_output_dropped_process
 .text.log_output_timestamp_freq_set
                0x00000000000099d0       0x2c zephyr/libzephyr.a(log_output.c.obj)
                0x00000000000099d0                log_output_timestamp_freq_set
 .text.char_out
                0x00000000000099fc       0x24 zephyr/libzephyr.a(log_backend_uart.c.obj)
 .text.mem_attr_get_regions
                0x0000000000009a20        0xc zephyr/libzephyr.a(mem_attr.c.obj)
                0x0000000000009a20                mem_attr_get_regions
 .text.boot_banner
                0x0000000000009a2c       0x1c zephyr/libzephyr.a(banner.c.obj)
                0x0000000000009a2c                boot_banner
 .text.z_arm_fatal_error
                0x0000000000009a48       0xb8 zephyr/arch/arch/arm/core/libarch__arm__core.a(fatal.c.obj)
                0x0000000000009a48                z_arm_fatal_error
 .text.z_SysNmiOnReset
                0x0000000000009b00        0x8 zephyr/arch/arch/arm/core/libarch__arm__core.a(nmi_on_reset.S.obj)
                0x0000000000009b00                z_SysNmiOnReset
 .text.arch_tls_stack_setup
                0x0000000000009b08       0x40 zephyr/arch/arch/arm/core/libarch__arm__core.a(tls.c.obj)
                0x0000000000009b08                arch_tls_stack_setup
 .text._HandlerModeExit
                0x0000000000009b48       0x28 zephyr/arch/arch/arm/core/cortex_m/libarch__arm__core__cortex_m.a(exc_exit.c.obj)
                0x0000000000009b48                z_arm_exc_exit
                0x0000000000009b48                z_arm_int_exit
 .text.mem_manage_fault.constprop.0
                0x0000000000009b70       0xd0 zephyr/arch/arch/arm/core/cortex_m/libarch__arm__core__cortex_m.a(fault.c.obj)
 .text.usage_fault.constprop.0
                0x0000000000009c40       0xbc zephyr/arch/arch/arm/core/cortex_m/libarch__arm__core__cortex_m.a(fault.c.obj)
 .text.bus_fault.constprop.0
                0x0000000000009cfc       0xd0 zephyr/arch/arch/arm/core/cortex_m/libarch__arm__core__cortex_m.a(fault.c.obj)
 .text.z_arm_fault
                0x0000000000009dcc      0x1e0 zephyr/arch/arch/arm/core/cortex_m/libarch__arm__core__cortex_m.a(fault.c.obj)
                0x0000000000009dcc                z_arm_fault
 .text.z_arm_fault_init
                0x0000000000009fac       0x20 zephyr/arch/arch/arm/core/cortex_m/libarch__arm__core__cortex_m.a(fault.c.obj)
                0x0000000000009fac                z_arm_fault_init
 .text.__fault  0x0000000000009fcc       0x14 zephyr/arch/arch/arm/core/cortex_m/libarch__arm__core__cortex_m.a(fault_s.S.obj)
                0x0000000000009fcc                z_arm_bus_fault
                0x0000000000009fcc                z_arm_usage_fault
                0x0000000000009fcc                z_arm_mpu_fault
                0x0000000000009fcc                z_arm_exc_spurious
                0x0000000000009fcc                z_arm_debug_monitor
                0x0000000000009fcc                z_arm_hard_fault
 .text._reset_section
                0x0000000000009fe0       0x60 zephyr/arch/arch/arm/core/cortex_m/libarch__arm__core__cortex_m.a(reset.S.obj)
                0x0000000000009fe0                z_arm_reset
                0x0000000000009fe0                __start
 .text.z_arm_clear_arm_mpu_config
                0x000000000000a040       0x24 zephyr/arch/arch/arm/core/cortex_m/libarch__arm__core__cortex_m.a(scb.c.obj)
                0x000000000000a040                z_arm_clear_arm_mpu_config
 .text.z_arm_init_arch_hw_at_boot
                0x000000000000a064       0x4c zephyr/arch/arch/arm/core/cortex_m/libarch__arm__core__cortex_m.a(scb.c.obj)
                0x000000000000a064                z_arm_init_arch_hw_at_boot
 .text.z_impl_k_thread_abort
                0x000000000000a0b0       0x2c zephyr/arch/arch/arm/core/cortex_m/libarch__arm__core__cortex_m.a(thread_abort.c.obj)
                0x000000000000a0b0                z_impl_k_thread_abort
 .text.arch_swap
                0x000000000000a0dc       0x30 zephyr/arch/arch/arm/core/cortex_m/libarch__arm__core__cortex_m.a(swap.c.obj)
                0x000000000000a0dc                arch_swap
 .text.z_arm_pendsv_c
                0x000000000000a10c       0x50 zephyr/arch/arch/arm/core/cortex_m/libarch__arm__core__cortex_m.a(swap.c.obj)
                0x000000000000a10c                z_arm_pendsv_c
 .text.z_arm_pendsv
                0x000000000000a15c       0x48 zephyr/arch/arch/arm/core/cortex_m/libarch__arm__core__cortex_m.a(swap_helper.S.obj)
                0x000000000000a15c                z_arm_pendsv
 .text.z_arm_svc
                0x000000000000a1a4       0x20 zephyr/arch/arch/arm/core/cortex_m/libarch__arm__core__cortex_m.a(swap_helper.S.obj)
                0x000000000000a1a4                z_arm_svc
 .text.arch_irq_enable
                0x000000000000a1c4       0x1c zephyr/arch/arch/arm/core/cortex_m/libarch__arm__core__cortex_m.a(irq_manage.c.obj)
                0x000000000000a1c4                arch_irq_enable
 .text.arch_irq_disable
                0x000000000000a1e0       0x28 zephyr/arch/arch/arm/core/cortex_m/libarch__arm__core__cortex_m.a(irq_manage.c.obj)
                0x000000000000a1e0                arch_irq_disable
 .text.arch_irq_is_enabled
                0x000000000000a208       0x1c zephyr/arch/arch/arm/core/cortex_m/libarch__arm__core__cortex_m.a(irq_manage.c.obj)
                0x000000000000a208                arch_irq_is_enabled
 .text.z_arm_irq_priority_set
                0x000000000000a224       0x2c zephyr/arch/arch/arm/core/cortex_m/libarch__arm__core__cortex_m.a(irq_manage.c.obj)
                0x000000000000a224                z_arm_irq_priority_set
 .text.z_prep_c
                0x000000000000a250       0x38 zephyr/arch/arch/arm/core/cortex_m/libarch__arm__core__cortex_m.a(prep_c.c.obj)
                0x000000000000a250                z_prep_c
 .text.arch_new_thread
                0x000000000000a288       0x3c zephyr/arch/arch/arm/core/cortex_m/libarch__arm__core__cortex_m.a(thread.c.obj)
                0x000000000000a288                arch_new_thread
 .text.arch_switch_to_main_thread
                0x000000000000a2c4       0x48 zephyr/arch/arch/arm/core/cortex_m/libarch__arm__core__cortex_m.a(thread.c.obj)
                0x000000000000a2c4                arch_switch_to_main_thread
 .text.z_arm_cpu_idle_init
                0x000000000000a30c        0xc zephyr/arch/arch/arm/core/cortex_m/libarch__arm__core__cortex_m.a(cpu_idle.c.obj)
                0x000000000000a30c                z_arm_cpu_idle_init
 .text.z_arm_interrupt_init
                0x000000000000a318       0x18 zephyr/arch/arch/arm/core/cortex_m/libarch__arm__core__cortex_m.a(irq_init.c.obj)
                0x000000000000a318                z_arm_interrupt_init
 .text._isr_wrapper
                0x000000000000a330       0x24 zephyr/arch/arch/arm/core/cortex_m/libarch__arm__core__cortex_m.a(isr_wrapper.c.obj)
                0x000000000000a330                _isr_wrapper
 .text.z_arm_configure_static_mpu_regions
                0x000000000000a354       0x38 zephyr/arch/arch/arm/core/mpu/libarch__arm__core__mpu.a(arm_core_mpu.c.obj)
                0x000000000000a354                z_arm_configure_static_mpu_regions
 .text.region_init
                0x000000000000a38c       0x34 zephyr/arch/arch/arm/core/mpu/libarch__arm__core__mpu.a(arm_mpu.c.obj)
 .text.region_allocate_and_init
                0x000000000000a3c0       0x38 zephyr/arch/arch/arm/core/mpu/libarch__arm__core__mpu.a(arm_mpu.c.obj)
 .text.mpu_configure_regions_and_partition.constprop.0
                0x000000000000a3f8      0x164 zephyr/arch/arch/arm/core/mpu/libarch__arm__core__mpu.a(arm_mpu.c.obj)
 .text.arm_core_mpu_enable
                0x000000000000a55c       0x18 zephyr/arch/arch/arm/core/mpu/libarch__arm__core__mpu.a(arm_mpu.c.obj)
                0x000000000000a55c                arm_core_mpu_enable
 .text.arm_core_mpu_disable
                0x000000000000a574       0x14 zephyr/arch/arch/arm/core/mpu/libarch__arm__core__mpu.a(arm_mpu.c.obj)
                0x000000000000a574                arm_core_mpu_disable
 .text.arm_core_mpu_configure_static_mpu_regions
                0x000000000000a588       0x14 zephyr/arch/arch/arm/core/mpu/libarch__arm__core__mpu.a(arm_mpu.c.obj)
                0x000000000000a588                arm_core_mpu_configure_static_mpu_regions
 .text.arm_core_mpu_mark_areas_for_dynamic_regions
                0x000000000000a59c       0xb8 zephyr/arch/arch/arm/core/mpu/libarch__arm__core__mpu.a(arm_mpu.c.obj)
                0x000000000000a59c                arm_core_mpu_mark_areas_for_dynamic_regions
 .text.z_arm_mpu_init
                0x000000000000a654      0x11c zephyr/arch/arch/arm/core/mpu/libarch__arm__core__mpu.a(arm_mpu.c.obj)
                0x000000000000a654                z_arm_mpu_init
 .text.z_impl_zephyr_fputc
                0x000000000000a770       0x10 zephyr/lib/libc/picolibc/liblib__libc__picolibc.a(libc-hooks.c.obj)
                0x000000000000a770                z_impl_zephyr_fputc
 .text.__stdout_hook_install
                0x000000000000a780       0x18 zephyr/lib/libc/picolibc/liblib__libc__picolibc.a(libc-hooks.c.obj)
                0x000000000000a780                __stdout_hook_install
 .text.cbvprintf
                0x000000000000a798       0x38 zephyr/lib/libc/picolibc/liblib__libc__picolibc.a(libc-hooks.c.obj)
                0x000000000000a798                cbvprintf
 .text.malloc_prepare
                0x000000000000a7d0       0x24 zephyr/lib/libc/common/liblib__libc__common.a(malloc.c.obj)
 .text.nordicsemi_nrf91_init
                0x000000000000a7f4       0x10 zephyr/soc/soc/nrf9151/libsoc__nordic.a(soc.c.obj)
 .text.arch_busy_wait
                0x000000000000a804       0x14 zephyr/soc/soc/nrf9151/libsoc__nordic.a(soc.c.obj)
                0x000000000000a804                arch_busy_wait
 .text.onoff_stop
                0x000000000000a818       0x30 zephyr/drivers/clock_control/libdrivers__clock_control.a(clock_control_nrf.c.obj)
 .text.onoff_start
                0x000000000000a848       0x44 zephyr/drivers/clock_control/libdrivers__clock_control.a(clock_control_nrf.c.obj)
 .text.generic_hfclk_stop
                0x000000000000a88c       0x34 zephyr/drivers/clock_control/libdrivers__clock_control.a(clock_control_nrf.c.obj)
 .text.clk_init
                0x000000000000a8c0       0x58 zephyr/drivers/clock_control/libdrivers__clock_control.a(clock_control_nrf.c.obj)
 .text.api_blocking_start
                0x000000000000a918       0x34 zephyr/drivers/clock_control/libdrivers__clock_control.a(clock_control_nrf.c.obj)
 .text.clkstarted_handle.constprop.0
                0x000000000000a94c       0x4c zephyr/drivers/clock_control/libdrivers__clock_control.a(clock_control_nrf.c.obj)
 .text.generic_hfclk_start
                0x000000000000a998       0x7c zephyr/drivers/clock_control/libdrivers__clock_control.a(clock_control_nrf.c.obj)
 .text.clock_event_handler
                0x000000000000aa14       0x1c zephyr/drivers/clock_control/libdrivers__clock_control.a(clock_control_nrf.c.obj)
 .text.z_nrf_clock_control_lf_on
                0x000000000000aa30       0xf4 zephyr/drivers/clock_control/libdrivers__clock_control.a(clock_control_nrf.c.obj)
                0x000000000000aa30                z_nrf_clock_control_lf_on
 .text.uart_console_init
                0x000000000000ab24       0x28 zephyr/drivers/console/libdrivers__console.a(uart_console.c.obj)
 .text.console_out
                0x000000000000ab4c       0x28 zephyr/drivers/console/libdrivers__console.a(uart_console.c.obj)
 .text.gpio_nrfx_init
                0x000000000000ab74       0x48 zephyr/drivers/gpio/libdrivers__gpio.a(gpio_nrfx.c.obj)
 .text.nrfx_gpio_handler
                0x000000000000abbc       0x3c zephyr/drivers/gpio/libdrivers__gpio.a(gpio_nrfx.c.obj)
 .text.gpio_nrfx_pin_configure
                0x000000000000abf8      0x17c zephyr/drivers/gpio/libdrivers__gpio.a(gpio_nrfx.c.obj)
 .text.gpio_nrfx_pin_interrupt_configure
                0x000000000000ad74       0xf4 zephyr/drivers/gpio/libdrivers__gpio.a(gpio_nrfx.c.obj)
 .text.ws2812_spi_init
                0x000000000000ae68       0xa4 zephyr/drivers/led_strip/libdrivers__led_strip.a(ws2812_spi.c.obj)
 .text.pinctrl_configure_pins
                0x000000000000af0c      0x17c zephyr/drivers/pinctrl/libdrivers__pinctrl.a(pinctrl_nrf.c.obj)
                0x000000000000af0c                pinctrl_configure_pins
 .text.uarte_nrfx_poll_out
                0x000000000000b088       0xb4 zephyr/drivers/serial/libdrivers__serial.a(uart_nrfx_uarte.c.obj)
 .text.uarte_0_init
                0x000000000000b13c      0x11c zephyr/drivers/serial/libdrivers__serial.a(uart_nrfx_uarte.c.obj)
 .text.spi_nrfx_init
                0x000000000000b258      0x114 zephyr/drivers/spi/libdrivers__spi.a(spi_nrfx_spim.c.obj)
 .text.transfer_next_chunk
                0x000000000000b36c       0xd0 zephyr/drivers/spi/libdrivers__spi.a(spi_nrfx_spim.c.obj)
 .text.event_handler
                0x000000000000b43c       0xd4 zephyr/drivers/spi/libdrivers__spi.a(spi_nrfx_spim.c.obj)
 .text.spi_nrfx_transceive
                0x000000000000b510      0x3ac zephyr/drivers/spi/libdrivers__spi.a(spi_nrfx_spim.c.obj)
 .text.spi_nrfx_wake_init
                0x000000000000b8bc       0x60 zephyr/drivers/spi/libdrivers__spi.a(spi_nrfx_common.c.obj)
                0x000000000000b8bc                spi_nrfx_wake_init
 .text.spi_nrfx_wake_request
                0x000000000000b91c       0x88 zephyr/drivers/spi/libdrivers__spi.a(spi_nrfx_common.c.obj)
                0x000000000000b91c                spi_nrfx_wake_request
 .text.compare_int_lock
                0x000000000000b9a4       0x40 zephyr/drivers/timer/libdrivers__timer.a(nrf_rtc_timer.c.obj)
 .text.sys_clock_timeout_handler
                0x000000000000b9e4       0x48 zephyr/drivers/timer/libdrivers__timer.a(nrf_rtc_timer.c.obj)
 .text.compare_int_unlock
                0x000000000000ba2c       0x4c zephyr/drivers/timer/libdrivers__timer.a(nrf_rtc_timer.c.obj)
 .text.z_nrf_rtc_timer_read
                0x000000000000ba78       0x44 zephyr/drivers/timer/libdrivers__timer.a(nrf_rtc_timer.c.obj)
                0x000000000000ba78                z_nrf_rtc_timer_read
 .text.compare_set
                0x000000000000babc      0x124 zephyr/drivers/timer/libdrivers__timer.a(nrf_rtc_timer.c.obj)
 .text.sys_clock_driver_init
                0x000000000000bbe0       0x90 zephyr/drivers/timer/libdrivers__timer.a(nrf_rtc_timer.c.obj)
 .text.rtc_nrf_isr
                0x000000000000bc70       0xd0 zephyr/drivers/timer/libdrivers__timer.a(nrf_rtc_timer.c.obj)
                0x000000000000bc70                rtc_nrf_isr
 .text.sys_clock_set_timeout
                0x000000000000bd40       0x5c zephyr/drivers/timer/libdrivers__timer.a(nrf_rtc_timer.c.obj)
                0x000000000000bd40                sys_clock_set_timeout
 .text.sys_clock_elapsed
                0x000000000000bd9c       0x14 zephyr/drivers/timer/libdrivers__timer.a(nrf_rtc_timer.c.obj)
                0x000000000000bd9c                sys_clock_elapsed
 .text.thread_monitor_entry_get
                0x000000000000bdb0       0x48 modules/nrf/lib/nrf_modem_lib/lib..__nrf__lib__nrf_modem_lib.a(nrf_modem_os.c.obj)
 .text.on_init  0x000000000000bdf8       0x20 modules/nrf/lib/nrf_modem_lib/lib..__nrf__lib__nrf_modem_lib.a(nrf_modem_os.c.obj)
 .text.nrf_modem_os_timedwait
                0x000000000000be18      0x190 modules/nrf/lib/nrf_modem_lib/lib..__nrf__lib__nrf_modem_lib.a(nrf_modem_os.c.obj)
                0x000000000000be18                nrf_modem_os_timedwait
 .text.nrf_modem_os_errno_set
                0x000000000000bfa8       0x14 modules/nrf/lib/nrf_modem_lib/lib..__nrf__lib__nrf_modem_lib.a(nrf_modem_os.c.obj)
                0x000000000000bfa8                nrf_modem_os_errno_set
 .text.nrf_modem_os_sem_init
                0x000000000000bfbc       0x40 modules/nrf/lib/nrf_modem_lib/lib..__nrf__lib__nrf_modem_lib.a(nrf_modem_os.c.obj)
                0x000000000000bfbc                nrf_modem_os_sem_init
 .text.nrf_modem_os_event_notify
                0x000000000000bffc       0x38 modules/nrf/lib/nrf_modem_lib/lib..__nrf__lib__nrf_modem_lib.a(nrf_modem_os.c.obj)
                0x000000000000bffc                nrf_modem_os_event_notify
 .text.nrf_modem_os_alloc
                0x000000000000c034       0x10 modules/nrf/lib/nrf_modem_lib/lib..__nrf__lib__nrf_modem_lib.a(nrf_modem_os.c.obj)
                0x000000000000c034                nrf_modem_os_alloc
 .text.nrf_modem_os_free
                0x000000000000c044        0xc modules/nrf/lib/nrf_modem_lib/lib..__nrf__lib__nrf_modem_lib.a(nrf_modem_os.c.obj)
                0x000000000000c044                nrf_modem_os_free
 .text.nrf_modem_os_shm_tx_alloc
                0x000000000000c050       0x10 modules/nrf/lib/nrf_modem_lib/lib..__nrf__lib__nrf_modem_lib.a(nrf_modem_os.c.obj)
                0x000000000000c050                nrf_modem_os_shm_tx_alloc
 .text.nrf_modem_os_shm_tx_free
                0x000000000000c060        0xc modules/nrf/lib/nrf_modem_lib/lib..__nrf__lib__nrf_modem_lib.a(nrf_modem_os.c.obj)
                0x000000000000c060                nrf_modem_os_shm_tx_free
 .text.cfun_callback
                0x000000000000c06c       0x24 modules/nrf/lib/nrf_modem_lib/lib..__nrf__lib__nrf_modem_lib.a(cfun_hooks.c.obj)
 .text.on_modem_init
                0x000000000000c090        0xc modules/nrf/lib/nrf_modem_lib/lib..__nrf__lib__nrf_modem_lib.a(cfun_hooks.c.obj)
 .text.set_antenna_configuration.part.0
                0x000000000000c09c       0x2c modules/nrf/lib/modem_antenna/lib..__nrf__lib__modem_antenna.a(modem_antenna.c.obj)
 .text.on_modem_lib_init
                0x000000000000c0c8       0x3c modules/nrf/lib/modem_antenna/lib..__nrf__lib__modem_antenna.a(modem_antenna.c.obj)
 .text.ns_fault_init
                0x000000000000c104       0x30 modules/nrf/modules/trusted-firmware-m/lib..__nrf__modules__trusted-firmware-m.a(fault.c.obj)
 .text.arm_fault
                0x000000000000c134      0x24c modules/nrf/modules/trusted-firmware-m/lib..__nrf__modules__trusted-firmware-m.a(fault.c.obj)
                0x000000000000c134                arm_fault
 .text.tfm_ns_fault_handler_callback
                0x000000000000c380       0x48 modules/nrf/modules/trusted-firmware-m/lib..__nrf__modules__trusted-firmware-m.a(fault.c.obj)
                0x000000000000c380                tfm_ns_fault_handler_callback
 .text.tfm_ns_interface_dispatch
                0x000000000000c3c8       0x68 modules/trusted-firmware-m/libtfm_api.a(interface.c.obj)
                0x000000000000c3c8                tfm_ns_interface_dispatch
 .text.tfm_platform_ioctl
                0x000000000000c430       0x4c modules/trusted-firmware-m/libtfm_api.a(tfm_platform_api.c.obj)
                0x000000000000c430                tfm_platform_ioctl
 .text.psa_call
                0x000000000000c47c       0x34 modules/trusted-firmware-m/libtfm_api.a(tfm_tz_psa_ns_api.c.obj)
                0x000000000000c47c                psa_call
 .text.nrfx_flag32_alloc
                0x000000000000c4b0       0x40 modules/hal_nordic/nrfx/libmodules__hal_nordic__nrfx.a(nrfx_flag32_allocator.c.obj)
                0x000000000000c4b0                nrfx_flag32_alloc
 .text.nrfx_flag32_free
                0x000000000000c4f0       0x38 modules/hal_nordic/nrfx/libmodules__hal_nordic__nrfx.a(nrfx_flag32_allocator.c.obj)
                0x000000000000c4f0                nrfx_flag32_free
 .text.nrfx_gppi_channels_enable
                0x000000000000c528        0xc modules/hal_nordic/nrfx/libmodules__hal_nordic__nrfx.a(nrfx_gppi_dppi.c.obj)
                0x000000000000c528                nrfx_gppi_channels_enable
 .text.clock_stop
                0x000000000000c534       0xb0 modules/hal_nordic/nrfx/libmodules__hal_nordic__nrfx.a(nrfx_clock.c.obj)
 .text.nrfx_clock_init
                0x000000000000c5e4       0x20 modules/hal_nordic/nrfx/libmodules__hal_nordic__nrfx.a(nrfx_clock.c.obj)
                0x000000000000c5e4                nrfx_clock_init
 .text.nrfx_clock_enable
                0x000000000000c604       0x28 modules/hal_nordic/nrfx/libmodules__hal_nordic__nrfx.a(nrfx_clock.c.obj)
                0x000000000000c604                nrfx_clock_enable
 .text.nrfx_clock_start
                0x000000000000c62c       0xb8 modules/hal_nordic/nrfx/libmodules__hal_nordic__nrfx.a(nrfx_clock.c.obj)
                0x000000000000c62c                nrfx_clock_start
 .text.nrfx_power_clock_irq_handler
                0x000000000000c6e4       0x64 modules/hal_nordic/nrfx/libmodules__hal_nordic__nrfx.a(nrfx_clock.c.obj)
                0x000000000000c6e4                nrfx_power_clock_irq_handler
 .text.nrfx_dppi_channel_alloc
                0x000000000000c748        0xc modules/hal_nordic/nrfx/libmodules__hal_nordic__nrfx.a(nrfx_dppi.c.obj)
                0x000000000000c748                nrfx_dppi_channel_alloc
 .text.nrf_gpio_pin_port_decode
                0x000000000000c754       0x18 modules/hal_nordic/nrfx/libmodules__hal_nordic__nrfx.a(nrfx_gpiote.c.obj)
 .text.release_handler
                0x000000000000c76c       0x6c modules/hal_nordic/nrfx/libmodules__hal_nordic__nrfx.a(nrfx_gpiote.c.obj)
 .text.pin_te_get.isra.0
                0x000000000000c7d8       0x18 modules/hal_nordic/nrfx/libmodules__hal_nordic__nrfx.a(nrfx_gpiote.c.obj)
 .text.pin_is_input.isra.0
                0x000000000000c7f0       0x20 modules/hal_nordic/nrfx/libmodules__hal_nordic__nrfx.a(nrfx_gpiote.c.obj)
 .text.pin_in_use_by_te.isra.0
                0x000000000000c810       0x1c modules/hal_nordic/nrfx/libmodules__hal_nordic__nrfx.a(nrfx_gpiote.c.obj)
 .text.latch_pending_read_and_check
                0x000000000000c82c       0x1c modules/hal_nordic/nrfx/libmodules__hal_nordic__nrfx.a(nrfx_gpiote.c.obj)
 .text.__nrfy_internal_gpiote_events_process.constprop.0
                0x000000000000c848       0x5c modules/hal_nordic/nrfx/libmodules__hal_nordic__nrfx.a(nrfx_gpiote.c.obj)
 .text.irq_handler.constprop.0
                0x000000000000c8a4      0x15c modules/hal_nordic/nrfx/libmodules__hal_nordic__nrfx.a(nrfx_gpiote.c.obj)
 .text.pin_uninit
                0x000000000000ca00       0xa0 modules/hal_nordic/nrfx/libmodules__hal_nordic__nrfx.a(nrfx_gpiote.c.obj)
 .text.nrfx_gpiote_input_configure
                0x000000000000caa0      0x1f8 modules/hal_nordic/nrfx/libmodules__hal_nordic__nrfx.a(nrfx_gpiote.c.obj)
                0x000000000000caa0                nrfx_gpiote_input_configure
 .text.nrfx_gpiote_output_configure
                0x000000000000cc98      0x130 modules/hal_nordic/nrfx/libmodules__hal_nordic__nrfx.a(nrfx_gpiote.c.obj)
                0x000000000000cc98                nrfx_gpiote_output_configure
 .text.nrfx_gpiote_global_callback_set
                0x000000000000cdc8       0x1c modules/hal_nordic/nrfx/libmodules__hal_nordic__nrfx.a(nrfx_gpiote.c.obj)
                0x000000000000cdc8                nrfx_gpiote_global_callback_set
 .text.nrfx_gpiote_channel_get
                0x000000000000cde4       0x38 modules/hal_nordic/nrfx/libmodules__hal_nordic__nrfx.a(nrfx_gpiote.c.obj)
                0x000000000000cde4                nrfx_gpiote_channel_get
 .text.nrfx_gpiote_init
                0x000000000000ce1c       0x78 modules/hal_nordic/nrfx/libmodules__hal_nordic__nrfx.a(nrfx_gpiote.c.obj)
                0x000000000000ce1c                nrfx_gpiote_init
 .text.nrfx_gpiote_init_check
                0x000000000000ce94       0x1c modules/hal_nordic/nrfx/libmodules__hal_nordic__nrfx.a(nrfx_gpiote.c.obj)
                0x000000000000ce94                nrfx_gpiote_init_check
 .text.nrfx_gpiote_channel_free
                0x000000000000ceb0       0x18 modules/hal_nordic/nrfx/libmodules__hal_nordic__nrfx.a(nrfx_gpiote.c.obj)
                0x000000000000ceb0                nrfx_gpiote_channel_free
 .text.nrfx_gpiote_channel_alloc
                0x000000000000cec8       0x18 modules/hal_nordic/nrfx/libmodules__hal_nordic__nrfx.a(nrfx_gpiote.c.obj)
                0x000000000000cec8                nrfx_gpiote_channel_alloc
 .text.nrfx_gpiote_trigger_enable
                0x000000000000cee0       0xb0 modules/hal_nordic/nrfx/libmodules__hal_nordic__nrfx.a(nrfx_gpiote.c.obj)
                0x000000000000cee0                nrfx_gpiote_trigger_enable
 .text.nrfx_gpiote_1_irq_handler
                0x000000000000cf90        0xc modules/hal_nordic/nrfx/libmodules__hal_nordic__nrfx.a(nrfx_gpiote.c.obj)
                0x000000000000cf90                nrfx_gpiote_1_irq_handler
 .text.nrfx_ipc_init
                0x000000000000cf9c       0x30 modules/hal_nordic/nrfx/libmodules__hal_nordic__nrfx.a(nrfx_ipc.c.obj)
                0x000000000000cf9c                nrfx_ipc_init
 .text.nrfx_ipc_config_load
                0x000000000000cfcc       0x40 modules/hal_nordic/nrfx/libmodules__hal_nordic__nrfx.a(nrfx_ipc.c.obj)
                0x000000000000cfcc                nrfx_ipc_config_load
 .text.nrfx_ipc_uninit
                0x000000000000d00c       0x64 modules/hal_nordic/nrfx/libmodules__hal_nordic__nrfx.a(nrfx_ipc.c.obj)
                0x000000000000d00c                nrfx_ipc_uninit
 .text.nrfx_ipc_receive_event_enable
                0x000000000000d070       0x10 modules/hal_nordic/nrfx/libmodules__hal_nordic__nrfx.a(nrfx_ipc.c.obj)
                0x000000000000d070                nrfx_ipc_receive_event_enable
 .text.nrfx_ipc_receive_event_disable
                0x000000000000d080       0x10 modules/hal_nordic/nrfx/libmodules__hal_nordic__nrfx.a(nrfx_ipc.c.obj)
                0x000000000000d080                nrfx_ipc_receive_event_disable
 .text.nrfx_ipc_irq_handler
                0x000000000000d090       0x40 modules/hal_nordic/nrfx/libmodules__hal_nordic__nrfx.a(nrfx_ipc.c.obj)
                0x000000000000d090                nrfx_ipc_irq_handler
 .text.nrf_gpio_pin_set
                0x000000000000d0d0       0x18 modules/hal_nordic/nrfx/libmodules__hal_nordic__nrfx.a(nrfx_spim.c.obj)
 .text.spim_frequency_valid_check.constprop.0
                0x000000000000d0e8       0x50 modules/hal_nordic/nrfx/libmodules__hal_nordic__nrfx.a(nrfx_spim.c.obj)
 .text.spim_pin_uninit
                0x000000000000d138       0x38 modules/hal_nordic/nrfx/libmodules__hal_nordic__nrfx.a(nrfx_spim.c.obj)
 .text.nrf_gpio_pin_clear
                0x000000000000d170       0x18 modules/hal_nordic/nrfx/libmodules__hal_nordic__nrfx.a(nrfx_spim.c.obj)
 .text.pin_init.constprop.0
                0x000000000000d188       0x54 modules/hal_nordic/nrfx/libmodules__hal_nordic__nrfx.a(nrfx_spim.c.obj)
 .text.spim_configure
                0x000000000000d1dc      0x164 modules/hal_nordic/nrfx/libmodules__hal_nordic__nrfx.a(nrfx_spim.c.obj)
 .text.nrfx_spim_init
                0x000000000000d340       0x68 modules/hal_nordic/nrfx/libmodules__hal_nordic__nrfx.a(nrfx_spim.c.obj)
                0x000000000000d340                nrfx_spim_init
 .text.nrfx_spim_uninit
                0x000000000000d3a8       0x78 modules/hal_nordic/nrfx/libmodules__hal_nordic__nrfx.a(nrfx_spim.c.obj)
                0x000000000000d3a8                nrfx_spim_uninit
 .text.nrfx_spim_xfer
                0x000000000000d420      0x168 modules/hal_nordic/nrfx/libmodules__hal_nordic__nrfx.a(nrfx_spim.c.obj)
                0x000000000000d420                nrfx_spim_xfer
 .text.nrfx_spim_3_irq_handler
                0x000000000000d588       0x54 modules/hal_nordic/nrfx/libmodules__hal_nordic__nrfx.a(nrfx_spim.c.obj)
                0x000000000000d588                nrfx_spim_3_irq_handler
 .text.nrf_modem_fault_handler_internal
                0x000000000000d5dc       0x18 /home/parth/ncs/v2.8.0/nrfxlib/nrf_modem/lib/cellular/nrf9120/soft-float/libmodem.a(nrf_modem_fault.c.obj)
                0x000000000000d5dc                nrf_modem_fault_handler_internal
 .text.nrf_modem_state_set
                0x000000000000d5f4        0xc /home/parth/ncs/v2.8.0/nrfxlib/nrf_modem/lib/cellular/nrf9120/soft-float/libmodem.a(nrf_modem_state.c.obj)
                0x000000000000d5f4                nrf_modem_state_set
 .text.nrf_modem_state_is_initialized
                0x000000000000d600       0x10 /home/parth/ncs/v2.8.0/nrfxlib/nrf_modem/lib/cellular/nrf9120/soft-float/libmodem.a(nrf_modem_state.c.obj)
                0x000000000000d600                nrf_modem_state_is_initialized
 .text.rpc_handle_data_message
                0x000000000000d610       0x38 /home/parth/ncs/v2.8.0/nrfxlib/nrf_modem/lib/cellular/nrf9120/soft-float/libmodem.a(rpc_framework.c.obj)
                0x000000000000d610                rpc_handle_data_message
 .text.rpc_transport_msg_alloc
                0x000000000000d648        0xc /home/parth/ncs/v2.8.0/nrfxlib/nrf_modem/lib/cellular/nrf9120/soft-float/libmodem.a(rpc_transport.c.obj)
                0x000000000000d648                rpc_transport_msg_alloc
 .text.rpc_transport_msg_data_rx_free
                0x000000000000d654        0xc /home/parth/ncs/v2.8.0/nrfxlib/nrf_modem/lib/cellular/nrf9120/soft-float/libmodem.a(rpc_transport.c.obj)
                0x000000000000d654                rpc_transport_msg_data_rx_free
 .text.rpc_transport_msg_send
                0x000000000000d660        0xc /home/parth/ncs/v2.8.0/nrfxlib/nrf_modem/lib/cellular/nrf9120/soft-float/libmodem.a(rpc_transport.c.obj)
                0x000000000000d660                rpc_transport_msg_send
 .text.rpc_transport_ipc_msg_data_tx_size
                0x000000000000d66c        0xc /home/parth/ncs/v2.8.0/nrfxlib/nrf_modem/lib/cellular/nrf9120/soft-float/libmodem.a(rpc_transport_ipc.c.obj)
 .text.rpc_transport_ipc_msg_tx_free
                0x000000000000d678       0x38 /home/parth/ncs/v2.8.0/nrfxlib/nrf_modem/lib/cellular/nrf9120/soft-float/libmodem.a(rpc_transport_ipc.c.obj)
 .text.handle_modem_rpc_msg
                0x000000000000d6b0       0x68 /home/parth/ncs/v2.8.0/nrfxlib/nrf_modem/lib/cellular/nrf9120/soft-float/libmodem.a(rpc_transport_ipc.c.obj)
 .text.rpc_message_handler
                0x000000000000d718       0x24 /home/parth/ncs/v2.8.0/nrfxlib/nrf_modem/lib/cellular/nrf9120/soft-float/libmodem.a(rpc_transport_ipc.c.obj)
 .text.ipc_irq_handler
                0x000000000000d73c       0xec /home/parth/ncs/v2.8.0/nrfxlib/nrf_modem/lib/cellular/nrf9120/soft-float/libmodem.a(rpc_transport_ipc.c.obj)
                0x000000000000d73c                ipc_irq_handler
 .text.rpc_transport_ipc_ctrl_msg_alloc
                0x000000000000d828       0x44 /home/parth/ncs/v2.8.0/nrfxlib/nrf_modem/lib/cellular/nrf9120/soft-float/libmodem.a(rpc_transport_ipc.c.obj)
 .text.rpc_transport_ipc_data_msg_alloc
                0x000000000000d86c       0x24 /home/parth/ncs/v2.8.0/nrfxlib/nrf_modem/lib/cellular/nrf9120/soft-float/libmodem.a(rpc_transport_ipc.c.obj)
 .text.rpc_transport_ipc_data_msg_send
                0x000000000000d890       0x6c /home/parth/ncs/v2.8.0/nrfxlib/nrf_modem/lib/cellular/nrf9120/soft-float/libmodem.a(rpc_transport_ipc.c.obj)
 .text.rpc_transport_ipc_init
                0x000000000000d8fc      0x1d4 /home/parth/ncs/v2.8.0/nrfxlib/nrf_modem/lib/cellular/nrf9120/soft-float/libmodem.a(rpc_transport_ipc.c.obj)
 .text.rpc_transport_ipc_ctrl_msg_send
                0x000000000000dad0       0x6c /home/parth/ncs/v2.8.0/nrfxlib/nrf_modem/lib/cellular/nrf9120/soft-float/libmodem.a(rpc_transport_ipc.c.obj)
 .text.rpc_transport_ipc_request_shutdown
                0x000000000000db3c       0x38 /home/parth/ncs/v2.8.0/nrfxlib/nrf_modem/lib/cellular/nrf9120/soft-float/libmodem.a(rpc_transport_ipc.c.obj)
 .text.rpc_transport_ipc_msg_data_rx_free
                0x000000000000db74       0x30 /home/parth/ncs/v2.8.0/nrfxlib/nrf_modem/lib/cellular/nrf9120/soft-float/libmodem.a(rpc_transport_ipc.c.obj)
 .text.cfun_post_modem
                0x000000000000dba4       0x14 /home/parth/ncs/v2.8.0/nrfxlib/nrf_modem/lib/cellular/nrf9120/soft-float/libmodem.a(nrf_modem_at.c.obj)
 .text.at_cmd_vsprintf
                0x000000000000dbb8       0x50 /home/parth/ncs/v2.8.0/nrfxlib/nrf_modem/lib/cellular/nrf9120/soft-float/libmodem.a(nrf_modem_at.c.obj)
 .text.cfun_pre_modem
                0x000000000000dc08       0x44 /home/parth/ncs/v2.8.0/nrfxlib/nrf_modem/lib/cellular/nrf9120/soft-float/libmodem.a(nrf_modem_at.c.obj)
 .text.at_cmd_send
                0x000000000000dc4c       0x68 /home/parth/ncs/v2.8.0/nrfxlib/nrf_modem/lib/cellular/nrf9120/soft-float/libmodem.a(nrf_modem_at.c.obj)
 .text.at_response_match
                0x000000000000dcb4       0x48 /home/parth/ncs/v2.8.0/nrfxlib/nrf_modem/lib/cellular/nrf9120/soft-float/libmodem.a(nrf_modem_at.c.obj)
 .text.nrf_modem_at_cfun_handler_set
                0x000000000000dcfc        0xc /home/parth/ncs/v2.8.0/nrfxlib/nrf_modem/lib/cellular/nrf9120/soft-float/libmodem.a(nrf_modem_at.c.obj)
                0x000000000000dcfc                nrf_modem_at_cfun_handler_set
 .text.nrf_modem_at_printf
                0x000000000000dd08       0xc8 /home/parth/ncs/v2.8.0/nrfxlib/nrf_modem/lib/cellular/nrf9120/soft-float/libmodem.a(nrf_modem_at.c.obj)
                0x000000000000dd08                nrf_modem_at_printf
 .text.rpc_at_event_handler
                0x000000000000ddd0       0x88 /home/parth/ncs/v2.8.0/nrfxlib/nrf_modem/lib/cellular/nrf9120/soft-float/libmodem.a(nrf_modem_at.c.obj)
                0x000000000000ddd0                rpc_at_event_handler
 .text.sock_unref.isra.0
                0x000000000000de58       0x3c /home/parth/ncs/v2.8.0/nrfxlib/nrf_modem/lib/cellular/nrf9120/soft-float/libmodem.a(sock.c.obj)
 .text.sock_find
                0x000000000000de94       0x24 /home/parth/ncs/v2.8.0/nrfxlib/nrf_modem/lib/cellular/nrf9120/soft-float/libmodem.a(sock.c.obj)
                0x000000000000de94                sock_find
 .text._sock_close
                0x000000000000deb8       0x30 /home/parth/ncs/v2.8.0/nrfxlib/nrf_modem/lib/cellular/nrf9120/soft-float/libmodem.a(sock.c.obj)
                0x000000000000deb8                _sock_close
 .text.sock_rpc_flow_control_set
                0x000000000000dee8       0x50 /home/parth/ncs/v2.8.0/nrfxlib/nrf_modem/lib/cellular/nrf9120/soft-float/libmodem.a(sock.c.obj)
                0x000000000000dee8                sock_rpc_flow_control_set
 .text.on_getaddrinfo_res
                0x000000000000df38       0x28 /home/parth/ncs/v2.8.0/nrfxlib/nrf_modem/lib/cellular/nrf9120/soft-float/libmodem.a(dns.c.obj)
                0x000000000000df38                on_getaddrinfo_res
 .text.rpc_ip_event_handler
                0x000000000000df60      0x2d8 /home/parth/ncs/v2.8.0/nrfxlib/nrf_modem/lib/cellular/nrf9120/soft-float/libmodem.a(ip.c.obj)
                0x000000000000df60                rpc_ip_event_handler
 .text.on_tls_attach_res
                0x000000000000e238       0x30 /home/parth/ncs/v2.8.0/nrfxlib/nrf_modem/lib/cellular/nrf9120/soft-float/libmodem.a(tls.c.obj)
                0x000000000000e238                on_tls_attach_res
 .text.on_tls_handshake_ntf
                0x000000000000e268       0x3c /home/parth/ncs/v2.8.0/nrfxlib/nrf_modem/lib/cellular/nrf9120/soft-float/libmodem.a(tls.c.obj)
                0x000000000000e268                on_tls_handshake_ntf
 .text.tls_attach
                0x000000000000e2a4      0x108 /home/parth/ncs/v2.8.0/nrfxlib/nrf_modem/lib/cellular/nrf9120/soft-float/libmodem.a(tls.c.obj)
                0x000000000000e2a4                tls_attach
 .text.rpc_error_to_nrf_errno
                0x000000000000e3ac       0x18 /home/parth/ncs/v2.8.0/nrfxlib/nrf_modem/lib/cellular/nrf9120/soft-float/libmodem.a(tables.c.obj)
                0x000000000000e3ac                rpc_error_to_nrf_errno
 .text.rpc_gnss_event_handler
                0x000000000000e3c4      0x138 /home/parth/ncs/v2.8.0/nrfxlib/nrf_modem/lib/cellular/nrf9120/soft-float/libmodem.a(nrf_modem_gnss.c.obj)
                0x000000000000e3c4                rpc_gnss_event_handler
 .text.rpc_softsim_event_handler
                0x000000000000e4fc       0x24 /home/parth/ncs/v2.8.0/nrfxlib/nrf_modem/lib/cellular/nrf9120/soft-float/libmodem.a(nrf_modem_softsim.c.obj)
                0x000000000000e4fc                rpc_softsim_event_handler
 .text.ipc_trace_init
                0x000000000000e520       0x40 /home/parth/ncs/v2.8.0/nrfxlib/nrf_modem/lib/cellular/nrf9120/soft-float/libmodem.a(ipc_trace.c.obj)
                0x000000000000e520                ipc_trace_init
 .text.ipc_trace_uninit
                0x000000000000e560       0x10 /home/parth/ncs/v2.8.0/nrfxlib/nrf_modem/lib/cellular/nrf9120/soft-float/libmodem.a(ipc_trace.c.obj)
                0x000000000000e560                ipc_trace_uninit
 .text.ipc_trace_handler
                0x000000000000e570       0xb4 /home/parth/ncs/v2.8.0/nrfxlib/nrf_modem/lib/cellular/nrf9120/soft-float/libmodem.a(ipc_trace.c.obj)
                0x000000000000e570                ipc_trace_handler
 .text.k_sys_fatal_error_handler
                0x000000000000e624       0x20 zephyr/kernel/libkernel.a(fatal.c.obj)
                0x000000000000e624                k_sys_fatal_error_handler
 .text.z_fatal_error
                0x000000000000e644       0xe8 zephyr/kernel/libkernel.a(fatal.c.obj)
                0x000000000000e644                z_fatal_error
 .text.z_sys_init_run_level
                0x000000000000e72c       0x2c zephyr/kernel/libkernel.a(init.c.obj)
 .text.bg_thread_main
                0x000000000000e758       0xc4 zephyr/kernel/libkernel.a(init.c.obj)
 .text.z_bss_zero
                0x000000000000e81c       0x18 zephyr/kernel/libkernel.a(init.c.obj)
                0x000000000000e81c                z_bss_zero
 .text.z_init_cpu
                0x000000000000e834       0x68 zephyr/kernel/libkernel.a(init.c.obj)
                0x000000000000e834                z_init_cpu
 .text.z_cstart
                0x000000000000e89c       0xe4 zephyr/kernel/libkernel.a(init.c.obj)
                0x000000000000e89c                z_cstart
 .text.statics_init
                0x000000000000e980       0x24 zephyr/kernel/libkernel.a(kheap.c.obj)
 .text.z_impl_k_mutex_lock
                0x000000000000e9a4       0xf0 zephyr/kernel/libkernel.a(mutex.c.obj)
                0x000000000000e9a4                z_impl_k_mutex_lock
 .text.z_impl_k_mutex_unlock
                0x000000000000ea94       0x78 zephyr/kernel/libkernel.a(mutex.c.obj)
                0x000000000000ea94                z_impl_k_mutex_unlock
 .text.z_impl_k_sem_give
                0x000000000000eb0c       0x48 zephyr/kernel/libkernel.a(sem.c.obj)
                0x000000000000eb0c                z_impl_k_sem_give
 .text.z_impl_k_sem_take
                0x000000000000eb54       0x4c zephyr/kernel/libkernel.a(sem.c.obj)
                0x000000000000eb54                z_impl_k_sem_take
 .text.z_impl_k_sem_reset
                0x000000000000eba0       0x38 zephyr/kernel/libkernel.a(sem.c.obj)
                0x000000000000eba0                z_impl_k_sem_reset
 .text.z_setup_new_thread
                0x000000000000ebd8       0x7c zephyr/kernel/libkernel.a(thread.c.obj)
                0x000000000000ebd8                z_setup_new_thread
 .text.z_impl_k_thread_create
                0x000000000000ec54       0x58 zephyr/kernel/libkernel.a(thread.c.obj)
                0x000000000000ec54                z_impl_k_thread_create
 .text.update_cache
                0x000000000000ecac       0x3c zephyr/kernel/libkernel.a(sched.c.obj)
 .text.unready_thread
                0x000000000000ece8       0x30 zephyr/kernel/libkernel.a(sched.c.obj)
 .text.ready_thread
                0x000000000000ed18       0x68 zephyr/kernel/libkernel.a(sched.c.obj)
 .text.z_thread_halt
                0x000000000000ed80       0xe0 zephyr/kernel/libkernel.a(sched.c.obj)
 .text.move_thread_to_end_of_prio_q
                0x000000000000ee60       0x74 zephyr/kernel/libkernel.a(sched.c.obj)
                0x000000000000ee60                move_thread_to_end_of_prio_q
 .text.z_pend_curr
                0x000000000000eed4       0x58 zephyr/kernel/libkernel.a(sched.c.obj)
                0x000000000000eed4                z_pend_curr
 .text.z_thread_prio_set
                0x000000000000ef2c       0x88 zephyr/kernel/libkernel.a(sched.c.obj)
                0x000000000000ef2c                z_thread_prio_set
 .text.z_reschedule
                0x000000000000efb4       0x24 zephyr/kernel/libkernel.a(sched.c.obj)
                0x000000000000efb4                z_reschedule
 .text.z_sched_start
                0x000000000000efd8       0x3c zephyr/kernel/libkernel.a(sched.c.obj)
                0x000000000000efd8                z_sched_start
 .text.z_reschedule_irqlock
                0x000000000000f014       0x28 zephyr/kernel/libkernel.a(sched.c.obj)
                0x000000000000f014                z_reschedule_irqlock
 .text.k_sched_lock
                0x000000000000f03c       0x28 zephyr/kernel/libkernel.a(sched.c.obj)
                0x000000000000f03c                k_sched_lock
 .text.k_sched_unlock
                0x000000000000f064       0x40 zephyr/kernel/libkernel.a(sched.c.obj)
                0x000000000000f064                k_sched_unlock
 .text.z_sched_init
                0x000000000000f0a4       0x10 zephyr/kernel/libkernel.a(sched.c.obj)
                0x000000000000f0a4                z_sched_init
 .text.z_impl_k_yield
                0x000000000000f0b4       0x7c zephyr/kernel/libkernel.a(sched.c.obj)
                0x000000000000f0b4                z_impl_k_yield
 .text.z_tick_sleep
                0x000000000000f130       0x88 zephyr/kernel/libkernel.a(sched.c.obj)
 .text.z_impl_k_sleep
                0x000000000000f1b8       0x3c zephyr/kernel/libkernel.a(sched.c.obj)
                0x000000000000f1b8                z_impl_k_sleep
 .text.z_impl_k_usleep
                0x000000000000f1f4       0x3c zephyr/kernel/libkernel.a(sched.c.obj)
                0x000000000000f1f4                z_impl_k_usleep
 .text.z_impl_k_sched_current_thread_query
                0x000000000000f230        0xc zephyr/kernel/libkernel.a(sched.c.obj)
                0x000000000000f230                z_impl_k_sched_current_thread_query
 .text.slice_timeout
                0x000000000000f23c       0x20 zephyr/kernel/libkernel.a(timeslicing.c.obj)
 .text.thread_is_sliceable
                0x000000000000f25c       0x3c zephyr/kernel/libkernel.a(timeslicing.c.obj)
                0x000000000000f25c                thread_is_sliceable
 .text.z_reset_time_slice
                0x000000000000f298       0x50 zephyr/kernel/libkernel.a(timeslicing.c.obj)
                0x000000000000f298                z_reset_time_slice
 .text.z_time_slice
                0x000000000000f2e8       0x60 zephyr/kernel/libkernel.a(timeslicing.c.obj)
                0x000000000000f2e8                z_time_slice
 .text.z_data_copy
                0x000000000000f348       0x34 zephyr/kernel/libkernel.a(xip.c.obj)
                0x000000000000f348                z_data_copy
 .text.elapsed  0x000000000000f37c       0x14 zephyr/kernel/libkernel.a(timeout.c.obj)
 .text.remove_timeout
                0x000000000000f390       0x38 zephyr/kernel/libkernel.a(timeout.c.obj)
 .text.next_timeout
                0x000000000000f3c8       0x40 zephyr/kernel/libkernel.a(timeout.c.obj)
 .text.z_add_timeout
                0x000000000000f408       0xf4 zephyr/kernel/libkernel.a(timeout.c.obj)
                0x000000000000f408                z_add_timeout
 .text.sys_clock_announce
                0x000000000000f4fc       0xd0 zephyr/kernel/libkernel.a(timeout.c.obj)
                0x000000000000f4fc                sys_clock_announce
 .text.sys_clock_tick_get
                0x000000000000f5cc       0x30 zephyr/kernel/libkernel.a(timeout.c.obj)
                0x000000000000f5cc                sys_clock_tick_get
 .text.z_timer_expiration_handler
                0x000000000000f5fc       0xe0 zephyr/kernel/libkernel.a(timer.c.obj)
                0x000000000000f5fc                z_timer_expiration_handler
 .text.z_impl_k_timer_start
                0x000000000000f6dc       0x74 zephyr/kernel/libkernel.a(timer.c.obj)
                0x000000000000f6dc                z_impl_k_timer_start
 .text.k_thread_system_pool_assign
                0x000000000000f750        0xc zephyr/kernel/libkernel.a(mempool.c.obj)
                0x000000000000f750                k_thread_system_pool_assign
 .text.snprintf
                0x000000000000f75c       0x58 /home/parth/ncs/toolchains/b81a7cd864/opt/zephyr-sdk/arm-zephyr-eabi/bin/../lib/gcc/../../picolibc/arm-zephyr-eabi/lib/thumb/v8-m.main/nofp/libc.a(libc_tinystdio_snprintf.c.o)
                0x000000000000f75c                snprintf
 .text.strtol   0x000000000000f7b4       0xec /home/parth/ncs/toolchains/b81a7cd864/opt/zephyr-sdk/arm-zephyr-eabi/bin/../lib/gcc/../../picolibc/arm-zephyr-eabi/lib/thumb/v8-m.main/nofp/libc.a(libc_tinystdio_strtol.c.o)
                0x000000000000f7b4                strtol
 .text.strtoul  0x000000000000f8a0       0xcc /home/parth/ncs/toolchains/b81a7cd864/opt/zephyr-sdk/arm-zephyr-eabi/bin/../lib/gcc/../../picolibc/arm-zephyr-eabi/lib/thumb/v8-m.main/nofp/libc.a(libc_tinystdio_strtoul.c.o)
                0x000000000000f8a0                strtoul
 .text.__l_vfprintf
                0x000000000000f96c      0x4b4 /home/parth/ncs/toolchains/b81a7cd864/opt/zephyr-sdk/arm-zephyr-eabi/bin/../lib/gcc/../../picolibc/arm-zephyr-eabi/lib/thumb/v8-m.main/nofp/libc.a(libc_tinystdio_vflprintf.c.o)
                0x000000000000f96c                __l_vfprintf
 .text.vsnprintf
                0x000000000000fe20       0x50 /home/parth/ncs/toolchains/b81a7cd864/opt/zephyr-sdk/arm-zephyr-eabi/bin/../lib/gcc/../../picolibc/arm-zephyr-eabi/lib/thumb/v8-m.main/nofp/libc.a(libc_tinystdio_vsnprintf.c.o)
                0x000000000000fe20                vsnprintf
 .text._OffsetAbsSyms
                0x000000000000fe70        0x2 zephyr/CMakeFiles/offsets.dir/./arch/arm/core/offsets/offsets.c.obj
                0x000000000000fe70                _OffsetAbsSyms
 .text.gpio_pin_configure_dt.constprop.0
                0x000000000000fe72       0x34 app/libapp.a(main.c.obj)
 .text.gpio_pin_set_dt.constprop.0.isra.0
                0x000000000000fea6       0x1a app/libapp.a(main.c.obj)
 .text.chunk_field
                0x000000000000fec0       0x16 zephyr/libzephyr.a(heap.c.obj)
 .text.chunk_set
                0x000000000000fed6       0x16 zephyr/libzephyr.a(heap.c.obj)
 .text.chunk_size
                0x000000000000feec        0xc zephyr/libzephyr.a(heap.c.obj)
 .text.set_chunk_used
                0x000000000000fef8       0x30 zephyr/libzephyr.a(heap.c.obj)
 .text.set_chunk_size
                0x000000000000ff28        0x8 zephyr/libzephyr.a(heap.c.obj)
 .text.mem_to_chunkid
                0x000000000000ff30       0x14 zephyr/libzephyr.a(heap.c.obj)
 .text.bucket_idx.isra.0
                0x000000000000ff44       0x1c zephyr/libzephyr.a(heap.c.obj)
 .text.free_list_remove_bidx
                0x000000000000ff60       0x5c zephyr/libzephyr.a(heap.c.obj)
 .text.free_list_remove
                0x000000000000ffbc       0x2e zephyr/libzephyr.a(heap.c.obj)
 .text.alloc_chunk
                0x000000000000ffea       0x74 zephyr/libzephyr.a(heap.c.obj)
 .text.split_chunks
                0x000000000001005e       0x4e zephyr/libzephyr.a(heap.c.obj)
 .text.merge_chunks
                0x00000000000100ac       0x3c zephyr/libzephyr.a(heap.c.obj)
 .text.free_list_add
                0x00000000000100e8       0x84 zephyr/libzephyr.a(heap.c.obj)
 .text.free_chunk
                0x000000000001016c       0x84 zephyr/libzephyr.a(heap.c.obj)
 .text.sys_heap_free
                0x00000000000101f0       0x24 zephyr/libzephyr.a(heap.c.obj)
                0x00000000000101f0                sys_heap_free
 .text.sys_heap_alloc
                0x0000000000010214       0x6e zephyr/libzephyr.a(heap.c.obj)
                0x0000000000010214                sys_heap_alloc
 .text.sys_heap_aligned_alloc
                0x0000000000010282       0xe8 zephyr/libzephyr.a(heap.c.obj)
                0x0000000000010282                sys_heap_aligned_alloc
 .text.sys_heap_init
                0x000000000001036a       0xb0 zephyr/libzephyr.a(heap.c.obj)
                0x000000000001036a                sys_heap_init
 .text.cbpprintf_external
                0x000000000001041a       0x62 zephyr/libzephyr.a(cbprintf_packaged.c.obj)
                0x000000000001041a                cbpprintf_external
 .text.is_ptr   0x000000000001047c       0x4a zephyr/libzephyr.a(cbprintf_packaged.c.obj)
                0x000000000001047c                is_ptr
 .text.arch_printk_char_out
                0x00000000000104c6        0x4 zephyr/libzephyr.a(printk.c.obj)
                0x00000000000104c6                arch_printk_char_out
 .text.printk   0x00000000000104ca       0x1a zephyr/libzephyr.a(printk.c.obj)
                0x00000000000104ca                printk
 .text.free_space
                0x00000000000104e4       0x26 zephyr/libzephyr.a(mpsc_pbuf.c.obj)
 .text.get_usage
                0x000000000001050a       0x22 zephyr/libzephyr.a(mpsc_pbuf.c.obj)
 .text.idx_inc  0x000000000001052c       0x1c zephyr/libzephyr.a(mpsc_pbuf.c.obj)
 .text.rd_idx_inc
                0x0000000000010548       0x18 zephyr/libzephyr.a(mpsc_pbuf.c.obj)
 .text.add_skip_item
                0x0000000000010560       0x3e zephyr/libzephyr.a(mpsc_pbuf.c.obj)
 .text.drop_item_locked
                0x000000000001059e       0xee zephyr/libzephyr.a(mpsc_pbuf.c.obj)
 .text.post_drop_action
                0x000000000001068c       0x36 zephyr/libzephyr.a(mpsc_pbuf.c.obj)
 .text.max_utilization_update
                0x00000000000106c2       0x1a zephyr/libzephyr.a(mpsc_pbuf.c.obj)
 .text.mpsc_pbuf_init
                0x00000000000106dc       0x42 zephyr/libzephyr.a(mpsc_pbuf.c.obj)
                0x00000000000106dc                mpsc_pbuf_init
 .text.mpsc_pbuf_alloc
                0x000000000001071e       0xf8 zephyr/libzephyr.a(mpsc_pbuf.c.obj)
                0x000000000001071e                mpsc_pbuf_alloc
 .text.mpsc_pbuf_commit
                0x0000000000010816       0x3e zephyr/libzephyr.a(mpsc_pbuf.c.obj)
                0x0000000000010816                mpsc_pbuf_commit
 .text.mpsc_pbuf_claim
                0x0000000000010854       0xa8 zephyr/libzephyr.a(mpsc_pbuf.c.obj)
                0x0000000000010854                mpsc_pbuf_claim
 .text.mpsc_pbuf_free
                0x00000000000108fc       0x76 zephyr/libzephyr.a(mpsc_pbuf.c.obj)
                0x00000000000108fc                mpsc_pbuf_free
 .text.mpsc_pbuf_is_pending
                0x0000000000010972       0x32 zephyr/libzephyr.a(mpsc_pbuf.c.obj)
                0x0000000000010972                mpsc_pbuf_is_pending
 .text.process_recheck
                0x00000000000109a4       0x38 zephyr/libzephyr.a(onoff.c.obj)
 .text.validate_args
                0x00000000000109dc       0x20 zephyr/libzephyr.a(onoff.c.obj)
 .text.notify_one
                0x00000000000109fc       0x2c zephyr/libzephyr.a(onoff.c.obj)
 .text.transition_complete
                0x0000000000010a28       0x1a zephyr/libzephyr.a(onoff.c.obj)
 .text.onoff_manager_init
                0x0000000000010a42       0x26 zephyr/libzephyr.a(onoff.c.obj)
                0x0000000000010a42                onoff_manager_init
 .text.onoff_request
                0x0000000000010a68       0xae zephyr/libzephyr.a(onoff.c.obj)
                0x0000000000010a68                onoff_request
 .text.sys_notify_validate
                0x0000000000010b16       0x22 zephyr/libzephyr.a(notify.c.obj)
                0x0000000000010b16                sys_notify_validate
 .text.sys_notify_finalize
                0x0000000000010b38       0x1a zephyr/libzephyr.a(notify.c.obj)
                0x0000000000010b38                sys_notify_finalize
 .text._ConfigAbsSyms
                0x0000000000010b52        0x2 zephyr/libzephyr.a(configs.c.obj)
                0x0000000000010b52                _ConfigAbsSyms
 .text.log_msg_generic_get_wlen
                0x0000000000010b54       0x20 zephyr/libzephyr.a(log_core.c.obj)
 .text.dummy_timestamp
                0x0000000000010b74        0x4 zephyr/libzephyr.a(log_core.c.obj)
 .text.default_get_timestamp
                0x0000000000010b78        0x4 zephyr/libzephyr.a(log_core.c.obj)
 .text.atomic_inc
                0x0000000000010b7c       0x12 zephyr/libzephyr.a(log_core.c.obj)
 .text.z_log_vprintk
                0x0000000000010b8e       0x1c zephyr/libzephyr.a(log_core.c.obj)
                0x0000000000010b8e                z_log_vprintk
 .text.z_log_notify_drop
                0x0000000000010baa        0x6 zephyr/libzephyr.a(log_core.c.obj)
 .text.z_log_get_tag
                0x0000000000010bb0        0x4 zephyr/libzephyr.a(log_core.c.obj)
                0x0000000000010bb0                z_log_get_tag
 .text.z_cbprintf_cpy
                0x0000000000010bb4       0x2c zephyr/libzephyr.a(log_msg.c.obj)
 .text.z_log_msg_finalize
                0x0000000000010be0       0x32 zephyr/libzephyr.a(log_msg.c.obj)
                0x0000000000010be0                z_log_msg_finalize
 .text.z_log_msg_simple_create
                0x0000000000010c12       0x6e zephyr/libzephyr.a(log_msg.c.obj)
 .text.z_impl_z_log_msg_simple_create_0
                0x0000000000010c80       0x12 zephyr/libzephyr.a(log_msg.c.obj)
                0x0000000000010c80                z_impl_z_log_msg_simple_create_0
 .text.z_impl_z_log_msg_simple_create_1
                0x0000000000010c92       0x14 zephyr/libzephyr.a(log_msg.c.obj)
                0x0000000000010c92                z_impl_z_log_msg_simple_create_1
 .text.log_output_write
                0x0000000000010ca6       0x1c zephyr/libzephyr.a(log_output.c.obj)
 .text.log_output_flush
                0x0000000000010cc2       0x1a zephyr/libzephyr.a(log_output.c.obj)
 .text.out_func
                0x0000000000010cdc       0x2e zephyr/libzephyr.a(log_output.c.obj)
 .text.cr_out_func
                0x0000000000010d0a       0x1c zephyr/libzephyr.a(log_output.c.obj)
 .text.log_output_msg_process
                0x0000000000010d26       0x6a zephyr/libzephyr.a(log_output.c.obj)
                0x0000000000010d26                log_output_msg_process
 .text.format_set
                0x0000000000010d90        0xc zephyr/libzephyr.a(log_backend_uart.c.obj)
 .text.log_backend_uart_init
                0x0000000000010d9c        0xc zephyr/libzephyr.a(log_backend_uart.c.obj)
 .text.panic    0x0000000000010da8       0x32 zephyr/libzephyr.a(log_backend_uart.c.obj)
 .text.dropped  0x0000000000010dda        0xa zephyr/libzephyr.a(log_backend_uart.c.obj)
 .text.process  0x0000000000010de4       0x1e zephyr/libzephyr.a(log_backend_uart.c.obj)
 .text.z_do_kernel_oops
                0x0000000000010e02        0x8 zephyr/arch/arch/arm/core/libarch__arm__core.a(fatal.c.obj)
                0x0000000000010e02                z_do_kernel_oops
 .text.z_arm_nmi
                0x0000000000010e0a        0xe zephyr/arch/arch/arm/core/libarch__arm__core.a(nmi.c.obj)
                0x0000000000010e0a                z_arm_nmi
 .text.z_log_msg_simple_create_0.constprop.0
                0x0000000000010e18        0x8 zephyr/arch/arch/arm/core/cortex_m/libarch__arm__core__cortex_m.a(fault.c.obj)
 .text.z_arm_save_fp_context
                0x0000000000010e20        0x2 zephyr/arch/arch/arm/core/cortex_m/libarch__arm__core__cortex_m.a(fpu.c.obj)
                0x0000000000010e20                z_arm_save_fp_context
 .text.z_arm_restore_fp_context
                0x0000000000010e22        0x2 zephyr/arch/arch/arm/core/cortex_m/libarch__arm__core__cortex_m.a(fpu.c.obj)
                0x0000000000010e22                z_arm_restore_fp_context
 .text.z_irq_spurious
                0x0000000000010e24        0x8 zephyr/arch/arch/arm/core/cortex_m/libarch__arm__core__cortex_m.a(irq_manage.c.obj)
                0x0000000000010e24                z_irq_spurious
 .text.configure_builtin_stack_guard
                0x0000000000010e2c        0x8 zephyr/arch/arch/arm/core/cortex_m/libarch__arm__core__cortex_m.a(thread.c.obj)
                0x0000000000010e2c                configure_builtin_stack_guard
 .text.arch_irq_unlock_outlined
                0x0000000000010e34        0xe zephyr/arch/arch/arm/core/cortex_m/libarch__arm__core__cortex_m.a(thread.c.obj)
                0x0000000000010e34                arch_irq_unlock_outlined
 .text.arch_cpu_idle
                0x0000000000010e42       0x1a zephyr/arch/arch/arm/core/cortex_m/libarch__arm__core__cortex_m.a(cpu_idle.c.obj)
                0x0000000000010e42                arch_cpu_idle
 .text.arch_cpu_atomic_idle
                0x0000000000010e5c       0x1e zephyr/arch/arch/arm/core/cortex_m/libarch__arm__core__cortex_m.a(cpu_idle.c.obj)
                0x0000000000010e5c                arch_cpu_atomic_idle
 .text.arm_cmse_mpu_region_get
                0x0000000000010e7a       0x12 zephyr/arch/arch/arm/core/cortex_m/cmse/libarch__arm__core__cortex_m__cmse.a(arm_core_cmse.c.obj)
                0x0000000000010e7a                arm_cmse_mpu_region_get
 .text.mpu_configure_region
                0x0000000000010e8c       0x32 zephyr/arch/arch/arm/core/mpu/libarch__arm__core__mpu.a(arm_mpu.c.obj)
 .text.cbputc   0x0000000000010ebe        0xc zephyr/lib/libc/picolibc/liblib__libc__picolibc.a(libc-hooks.c.obj)
 .text.picolibc_put
                0x0000000000010eca        0xa zephyr/lib/libc/picolibc/liblib__libc__picolibc.a(libc-hooks.c.obj)
 .text.get_status
                0x0000000000010ed4       0x12 zephyr/drivers/clock_control/libdrivers__clock_control.a(clock_control_nrf.c.obj)
 .text.stop     0x0000000000010ee6       0x50 zephyr/drivers/clock_control/libdrivers__clock_control.a(clock_control_nrf.c.obj)
 .text.api_stop
                0x0000000000010f36        0x6 zephyr/drivers/clock_control/libdrivers__clock_control.a(clock_control_nrf.c.obj)
 .text.async_start
                0x0000000000010f3c       0x5a zephyr/drivers/clock_control/libdrivers__clock_control.a(clock_control_nrf.c.obj)
 .text.api_start
                0x0000000000010f96        0xe zephyr/drivers/clock_control/libdrivers__clock_control.a(clock_control_nrf.c.obj)
 .text.onoff_started_callback
                0x0000000000010fa4       0x12 zephyr/drivers/clock_control/libdrivers__clock_control.a(clock_control_nrf.c.obj)
 .text.lfclk_start
                0x0000000000010fb6        0x6 zephyr/drivers/clock_control/libdrivers__clock_control.a(clock_control_nrf.c.obj)
 .text.lfclk_stop
                0x0000000000010fbc        0x6 zephyr/drivers/clock_control/libdrivers__clock_control.a(clock_control_nrf.c.obj)
 .text.blocking_start_callback
                0x0000000000010fc2        0x6 zephyr/drivers/clock_control/libdrivers__clock_control.a(clock_control_nrf.c.obj)
 .text.gpio_nrfx_port_get_raw
                0x0000000000010fc8        0xc zephyr/drivers/gpio/libdrivers__gpio.a(gpio_nrfx.c.obj)
 .text.gpio_nrfx_port_set_masked_raw
                0x0000000000010fd4       0x14 zephyr/drivers/gpio/libdrivers__gpio.a(gpio_nrfx.c.obj)
 .text.gpio_nrfx_port_set_bits_raw
                0x0000000000010fe8        0xa zephyr/drivers/gpio/libdrivers__gpio.a(gpio_nrfx.c.obj)
 .text.gpio_nrfx_port_clear_bits_raw
                0x0000000000010ff2        0xa zephyr/drivers/gpio/libdrivers__gpio.a(gpio_nrfx.c.obj)
 .text.gpio_nrfx_port_toggle_bits
                0x0000000000010ffc       0x14 zephyr/drivers/gpio/libdrivers__gpio.a(gpio_nrfx.c.obj)
 .text.gpio_nrfx_manage_callback
                0x0000000000011010       0x52 zephyr/drivers/gpio/libdrivers__gpio.a(gpio_nrfx.c.obj)
 .text.ws2812_strip_length
                0x0000000000011062        0x6 zephyr/drivers/led_strip/libdrivers__led_strip.a(ws2812_spi.c.obj)
 .text.ws2812_strip_update_rgb
                0x0000000000011068       0x9c zephyr/drivers/led_strip/libdrivers__led_strip.a(ws2812_spi.c.obj)
 .text.pinctrl_lookup_state
                0x0000000000011104       0x26 zephyr/drivers/pinctrl/libdrivers__pinctrl.a(common.c.obj)
                0x0000000000011104                pinctrl_lookup_state
 .text.uarte_nrfx_err_check
                0x000000000001112a        0xe zephyr/drivers/serial/libdrivers__serial.a(uart_nrfx_uarte.c.obj)
 .text.uarte_nrfx_poll_in
                0x0000000000011138       0x26 zephyr/drivers/serial/libdrivers__serial.a(uart_nrfx_uarte.c.obj)
 .text.is_tx_ready.isra.0
                0x000000000001115e       0x20 zephyr/drivers/serial/libdrivers__serial.a(uart_nrfx_uarte.c.obj)
 .text.uarte_nrfx_isr_int
                0x000000000001117e       0x42 zephyr/drivers/serial/libdrivers__serial.a(uart_nrfx_uarte.c.obj)
 .text.z_log_msg_simple_create_0
                0x00000000000111c0        0x4 zephyr/drivers/spi/libdrivers__spi.a(spi_nrfx_spim.c.obj)
 .text.irq_connect3
                0x00000000000111c4        0xa zephyr/drivers/spi/libdrivers__spi.a(spi_nrfx_spim.c.obj)
 .text.spi_context_get_next_buf.constprop.0
                0x00000000000111ce       0x26 zephyr/drivers/spi/libdrivers__spi.a(spi_nrfx_spim.c.obj)
 .text.pinctrl_apply_state
                0x00000000000111f4       0x1e zephyr/drivers/spi/libdrivers__spi.a(spi_nrfx_spim.c.obj)
 .text.gpio_pin_set_dt.isra.0
                0x0000000000011212       0x28 zephyr/drivers/spi/libdrivers__spi.a(spi_nrfx_spim.c.obj)
 .text._spi_context_cs_control
                0x000000000001123a       0x40 zephyr/drivers/spi/libdrivers__spi.a(spi_nrfx_spim.c.obj)
 .text.spi_context_unlock_unconditionally
                0x000000000001127a       0x20 zephyr/drivers/spi/libdrivers__spi.a(spi_nrfx_spim.c.obj)
 .text.spi_nrfx_release
                0x000000000001129a       0x24 zephyr/drivers/spi/libdrivers__spi.a(spi_nrfx_spim.c.obj)
 .text.finish_transaction
                0x00000000000112be       0x22 zephyr/drivers/spi/libdrivers__spi.a(spi_nrfx_spim.c.obj)
 .text.event_clear
                0x00000000000112e0       0x18 zephyr/drivers/timer/libdrivers__timer.a(nrf_rtc_timer.c.obj)
 .text.sys_clock_cycle_get_32
                0x00000000000112f8        0x8 zephyr/drivers/timer/libdrivers__timer.a(nrf_rtc_timer.c.obj)
                0x00000000000112f8                sys_clock_cycle_get_32
 .text.nrf_modem_os_busywait
                0x0000000000011300        0x4 modules/nrf/lib/nrf_modem_lib/lib..__nrf__lib__nrf_modem_lib.a(nrf_modem_os.c.obj)
                0x0000000000011300                nrf_modem_os_busywait
 .text.nrf_modem_os_is_in_isr
                0x0000000000011304        0x4 modules/nrf/lib/nrf_modem_lib/lib..__nrf__lib__nrf_modem_lib.a(nrf_modem_os.c.obj)
                0x0000000000011304                nrf_modem_os_is_in_isr
 .text.nrf_modem_os_sem_give
                0x0000000000011308        0x4 modules/nrf/lib/nrf_modem_lib/lib..__nrf__lib__nrf_modem_lib.a(nrf_modem_os.c.obj)
                0x0000000000011308                nrf_modem_os_sem_give
 .text.nrf_modem_os_sem_take
                0x000000000001130c       0x40 modules/nrf/lib/nrf_modem_lib/lib..__nrf__lib__nrf_modem_lib.a(nrf_modem_os.c.obj)
                0x000000000001130c                nrf_modem_os_sem_take
 .text.nrf_modem_os_mutex_unlock
                0x000000000001134c        0x4 modules/nrf/lib/nrf_modem_lib/lib..__nrf__lib__nrf_modem_lib.a(nrf_modem_os.c.obj)
                0x000000000001134c                nrf_modem_os_mutex_unlock
 .text.nrf_modem_os_mutex_lock
                0x0000000000011350       0x40 modules/nrf/lib/nrf_modem_lib/lib..__nrf__lib__nrf_modem_lib.a(nrf_modem_os.c.obj)
                0x0000000000011350                nrf_modem_os_mutex_lock
 .text.set_antenna_configuration
                0x0000000000011390        0xa modules/nrf/lib/modem_antenna/lib..__nrf__lib__modem_antenna.a(modem_antenna.c.obj)
                0x0000000000011390                set_antenna_configuration
 .text.z_log_msg_simple_create_0.constprop.0
                0x000000000001139a        0x8 modules/nrf/modules/trusted-firmware-m/lib..__nrf__modules__trusted-firmware-m.a(fault.c.obj)
 .text.tfm_platform_ns_fault_set_handler
                0x00000000000113a2       0x4e modules/nrf/modules/trusted-firmware-m/libtfm_api_nrf.a(tfm_ioctl_ns_api.c.obj)
                0x00000000000113a2                tfm_platform_ns_fault_set_handler
 .text.ns_interface_init
                0x00000000000113f0        0x4 modules/trusted-firmware-m/libtfm_api.a(interface.c.obj)
 .text.SystemInit
                0x00000000000113f4        0x2 modules/hal_nordic/nrfx/libmodules__hal_nordic__nrfx.a(system_nrf91.c.obj)
                0x00000000000113f4                SystemInit
 .text.nrfx_isr
                0x00000000000113f6        0x2 modules/hal_nordic/nrfx/libmodules__hal_nordic__nrfx.a(nrfx_glue.c.obj)
                0x00000000000113f6                nrfx_isr
 .text.nrfx_busy_wait
                0x00000000000113f8        0x4 modules/hal_nordic/nrfx/libmodules__hal_nordic__nrfx.a(nrfx_glue.c.obj)
                0x00000000000113f8                nrfx_busy_wait
 .text.nrfx_gppi_channel_endpoints_setup
                0x00000000000113fc        0xe modules/hal_nordic/nrfx/libmodules__hal_nordic__nrfx.a(nrfx_gppi_dppi.c.obj)
                0x00000000000113fc                nrfx_gppi_channel_endpoints_setup
 .text.nrfx_gppi_channel_alloc
                0x000000000001140a        0x4 modules/hal_nordic/nrfx/libmodules__hal_nordic__nrfx.a(nrfx_gppi_dppi.c.obj)
                0x000000000001140a                nrfx_gppi_channel_alloc
 .text.nrfx_clock_stop
                0x000000000001140e        0x4 modules/hal_nordic/nrfx/libmodules__hal_nordic__nrfx.a(nrfx_clock.c.obj)
                0x000000000001140e                nrfx_clock_stop
 .text.nrf_gpio_reconfigure
                0x0000000000011412       0x92 modules/hal_nordic/nrfx/libmodules__hal_nordic__nrfx.a(nrfx_gpiote.c.obj)
 .text.nrf_gpio_cfg_sense_set
                0x00000000000114a4       0x1e modules/hal_nordic/nrfx/libmodules__hal_nordic__nrfx.a(nrfx_gpiote.c.obj)
 .text.call_handler
                0x00000000000114c2       0x3a modules/hal_nordic/nrfx/libmodules__hal_nordic__nrfx.a(nrfx_gpiote.c.obj)
 .text.pin_in_event_get
                0x00000000000114fc       0x28 modules/hal_nordic/nrfx/libmodules__hal_nordic__nrfx.a(nrfx_gpiote.c.obj)
 .text.pin_trigger_disable
                0x0000000000011524       0x4e modules/hal_nordic/nrfx/libmodules__hal_nordic__nrfx.a(nrfx_gpiote.c.obj)
 .text.nrfx_gpiote_pin_uninit
                0x0000000000011572        0x4 modules/hal_nordic/nrfx/libmodules__hal_nordic__nrfx.a(nrfx_gpiote.c.obj)
                0x0000000000011572                nrfx_gpiote_pin_uninit
 .text.nrfx_gpiote_trigger_disable
                0x0000000000011576        0x4 modules/hal_nordic/nrfx/libmodules__hal_nordic__nrfx.a(nrfx_gpiote.c.obj)
                0x0000000000011576                nrfx_gpiote_trigger_disable
 .text.nrfx_gpiote_in_event_get
                0x000000000001157a        0x4 modules/hal_nordic/nrfx/libmodules__hal_nordic__nrfx.a(nrfx_gpiote.c.obj)
                0x000000000001157a                nrfx_gpiote_in_event_get
 .text.__nrfy_internal_spim_event_handle
                0x000000000001157e       0x2a modules/hal_nordic/nrfx/libmodules__hal_nordic__nrfx.a(nrfx_spim.c.obj)
 .text.__nrfy_internal_spim_events_process
                0x00000000000115a8       0x7c modules/hal_nordic/nrfx/libmodules__hal_nordic__nrfx.a(nrfx_spim.c.obj)
 .text.spim_abort
                0x0000000000011624       0x2c modules/hal_nordic/nrfx/libmodules__hal_nordic__nrfx.a(nrfx_spim.c.obj)
 .text.nrf_modem_is_initialized
                0x0000000000011650        0x4 /home/parth/ncs/v2.8.0/nrfxlib/nrf_modem/lib/cellular/nrf9120/soft-float/libmodem.a(nrf_modem.c.obj)
                0x0000000000011650                nrf_modem_is_initialized
 .text.rpc_handle_ctrl_message
                0x0000000000011654       0x18 /home/parth/ncs/v2.8.0/nrfxlib/nrf_modem/lib/cellular/nrf9120/soft-float/libmodem.a(rpc_framework.c.obj)
                0x0000000000011654                rpc_handle_ctrl_message
 .text.rpc_list_preambles_init
                0x000000000001166c       0x20 /home/parth/ncs/v2.8.0/nrfxlib/nrf_modem/lib/cellular/nrf9120/soft-float/libmodem.a(rpc_transport_ipc.c.obj)
 .text.rpc_transport_ipc_data_rx_resume
                0x000000000001168c        0x6 /home/parth/ncs/v2.8.0/nrfxlib/nrf_modem/lib/cellular/nrf9120/soft-float/libmodem.a(rpc_transport_ipc.c.obj)
 .text.rpc_transport_ipc_data_rx_suspend
                0x0000000000011692        0x6 /home/parth/ncs/v2.8.0/nrfxlib/nrf_modem/lib/cellular/nrf9120/soft-float/libmodem.a(rpc_transport_ipc.c.obj)
 .text.rpc_transport_ipc_shutdown
                0x0000000000011698        0xe /home/parth/ncs/v2.8.0/nrfxlib/nrf_modem/lib/cellular/nrf9120/soft-float/libmodem.a(rpc_transport_ipc.c.obj)
 .text.rpc_transport_ipc_msg_alloc
                0x00000000000116a6       0x4a /home/parth/ncs/v2.8.0/nrfxlib/nrf_modem/lib/cellular/nrf9120/soft-float/libmodem.a(rpc_transport_ipc.c.obj)
 .text.rpc_client_msg_from_rpc_msg_get
                0x00000000000116f0        0x4 /home/parth/ncs/v2.8.0/nrfxlib/nrf_modem/lib/cellular/nrf9120/soft-float/libmodem.a(rpc_client.c.obj)
                0x00000000000116f0                rpc_client_msg_from_rpc_msg_get
 .text.rpc_client_msg_alloc
                0x00000000000116f4       0x40 /home/parth/ncs/v2.8.0/nrfxlib/nrf_modem/lib/cellular/nrf9120/soft-float/libmodem.a(rpc_client.c.obj)
                0x00000000000116f4                rpc_client_msg_alloc
 .text.rpc_client_msg_send
                0x0000000000011734        0xe /home/parth/ncs/v2.8.0/nrfxlib/nrf_modem/lib/cellular/nrf9120/soft-float/libmodem.a(rpc_client.c.obj)
                0x0000000000011734                rpc_client_msg_send
 .text.rpc_client_msg_data_rx_free
                0x0000000000011742        0x4 /home/parth/ncs/v2.8.0/nrfxlib/nrf_modem/lib/cellular/nrf9120/soft-float/libmodem.a(rpc_client.c.obj)
                0x0000000000011742                rpc_client_msg_data_rx_free
 .text.rpc_client_msg_data_tx_alloc
                0x0000000000011746        0x4 /home/parth/ncs/v2.8.0/nrfxlib/nrf_modem/lib/cellular/nrf9120/soft-float/libmodem.a(rpc_client.c.obj)
                0x0000000000011746                rpc_client_msg_data_tx_alloc
 .text.rpc_client_msg_data_tx_free
                0x000000000001174a       0x10 /home/parth/ncs/v2.8.0/nrfxlib/nrf_modem/lib/cellular/nrf9120/soft-float/libmodem.a(rpc_client.c.obj)
                0x000000000001174a                rpc_client_msg_data_tx_free
 .text.sockaddr_init
                0x000000000001175a       0x62 /home/parth/ncs/v2.8.0/nrfxlib/nrf_modem/lib/cellular/nrf9120/soft-float/libmodem.a(addr.c.obj)
                0x000000000001175a                sockaddr_init
 .text.sock_pollcb
                0x00000000000117bc       0x30 /home/parth/ncs/v2.8.0/nrfxlib/nrf_modem/lib/cellular/nrf9120/soft-float/libmodem.a(sock.c.obj)
                0x00000000000117bc                sock_pollcb
 .text.sock_pkt_append
                0x00000000000117ec       0x14 /home/parth/ncs/v2.8.0/nrfxlib/nrf_modem/lib/cellular/nrf9120/soft-float/libmodem.a(sock.c.obj)
                0x00000000000117ec                sock_pkt_append
 .text.sock_is_stream
                0x0000000000011800        0xa /home/parth/ncs/v2.8.0/nrfxlib/nrf_modem/lib/cellular/nrf9120/soft-float/libmodem.a(sock.c.obj)
                0x0000000000011800                sock_is_stream
 .text.sock_is_datagram
                0x000000000001180a        0xa /home/parth/ncs/v2.8.0/nrfxlib/nrf_modem/lib/cellular/nrf9120/soft-float/libmodem.a(sock.c.obj)
                0x000000000001180a                sock_is_datagram
 .text.sock_proto_is_secure
                0x0000000000011814       0x18 /home/parth/ncs/v2.8.0/nrfxlib/nrf_modem/lib/cellular/nrf9120/soft-float/libmodem.a(sock.c.obj)
                0x0000000000011814                sock_proto_is_secure
 .text.sock_is_attaching
                0x000000000001182c        0xa /home/parth/ncs/v2.8.0/nrfxlib/nrf_modem/lib/cellular/nrf9120/soft-float/libmodem.a(sock.c.obj)
                0x000000000001182c                sock_is_attaching
 .text.sock_is_nonblock
                0x0000000000011836        0x8 /home/parth/ncs/v2.8.0/nrfxlib/nrf_modem/lib/cellular/nrf9120/soft-float/libmodem.a(sock.c.obj)
                0x0000000000011836                sock_is_nonblock
 .text.sock_is_closed
                0x000000000001183e        0xa /home/parth/ncs/v2.8.0/nrfxlib/nrf_modem/lib/cellular/nrf9120/soft-float/libmodem.a(sock.c.obj)
                0x000000000001183e                sock_is_closed
 .text.sock_is_eof
                0x0000000000011848       0x16 /home/parth/ncs/v2.8.0/nrfxlib/nrf_modem/lib/cellular/nrf9120/soft-float/libmodem.a(sock.c.obj)
                0x0000000000011848                sock_is_eof
 .text.sock_has_stream_error
                0x000000000001185e        0x8 /home/parth/ncs/v2.8.0/nrfxlib/nrf_modem/lib/cellular/nrf9120/soft-float/libmodem.a(sock.c.obj)
                0x000000000001185e                sock_has_stream_error
 .text.sock_has_error
                0x0000000000011866        0xe /home/parth/ncs/v2.8.0/nrfxlib/nrf_modem/lib/cellular/nrf9120/soft-float/libmodem.a(sock.c.obj)
                0x0000000000011866                sock_has_error
 .text.sock_has_pollcb
                0x0000000000011874        0xa /home/parth/ncs/v2.8.0/nrfxlib/nrf_modem/lib/cellular/nrf9120/soft-float/libmodem.a(sock.c.obj)
                0x0000000000011874                sock_has_pollcb
 .text.sock_can_read
                0x000000000001187e        0xa /home/parth/ncs/v2.8.0/nrfxlib/nrf_modem/lib/cellular/nrf9120/soft-float/libmodem.a(sock.c.obj)
                0x000000000001187e                sock_can_read
 .text.sock_can_accept
                0x0000000000011888        0xc /home/parth/ncs/v2.8.0/nrfxlib/nrf_modem/lib/cellular/nrf9120/soft-float/libmodem.a(sock.c.obj)
                0x0000000000011888                sock_can_accept
 .text.sock_can_send
                0x0000000000011894       0x48 /home/parth/ncs/v2.8.0/nrfxlib/nrf_modem/lib/cellular/nrf9120/soft-float/libmodem.a(sock.c.obj)
                0x0000000000011894                sock_can_send
 .text.sock_apn_rate_control_set
                0x00000000000118dc       0x18 /home/parth/ncs/v2.8.0/nrfxlib/nrf_modem/lib/cellular/nrf9120/soft-float/libmodem.a(sock.c.obj)
                0x00000000000118dc                sock_apn_rate_control_set
 .text.sock_pdn_status_set
                0x00000000000118f4       0x18 /home/parth/ncs/v2.8.0/nrfxlib/nrf_modem/lib/cellular/nrf9120/soft-float/libmodem.a(sock.c.obj)
                0x00000000000118f4                sock_pdn_status_set
 .text.pkt_free
                0x000000000001190c       0x1c /home/parth/ncs/v2.8.0/nrfxlib/nrf_modem/lib/cellular/nrf9120/soft-float/libmodem.a(packet.c.obj)
                0x000000000001190c                pkt_free
 .text.pkt_flush
                0x0000000000011928       0x1c /home/parth/ncs/v2.8.0/nrfxlib/nrf_modem/lib/cellular/nrf9120/soft-float/libmodem.a(packet.c.obj)
                0x0000000000011928                pkt_flush
 .text.on_conf_dnssrv_res
                0x0000000000011944        0x4 /home/parth/ncs/v2.8.0/nrfxlib/nrf_modem/lib/cellular/nrf9120/soft-float/libmodem.a(dns.c.obj)
                0x0000000000011944                on_conf_dnssrv_res
 .text.on_getifaddrs_res
                0x0000000000011948       0x1a /home/parth/ncs/v2.8.0/nrfxlib/nrf_modem/lib/cellular/nrf9120/soft-float/libmodem.a(ifaddrs.c.obj)
                0x0000000000011948                on_getifaddrs_res
 .text.nrf_poll_one
                0x0000000000011962       0x92 /home/parth/ncs/v2.8.0/nrfxlib/nrf_modem/lib/cellular/nrf9120/soft-float/libmodem.a(poll.c.obj)
                0x0000000000011962                nrf_poll_one
 .text.res_cookie_get
                0x00000000000119f4        0x4 /home/parth/ncs/v2.8.0/nrfxlib/nrf_modem/lib/cellular/nrf9120/soft-float/libmodem.a(reqres.c.obj)
                0x00000000000119f4                res_cookie_get
 .text.res_forward
                0x00000000000119f8        0x8 /home/parth/ncs/v2.8.0/nrfxlib/nrf_modem/lib/cellular/nrf9120/soft-float/libmodem.a(reqres.c.obj)
                0x00000000000119f8                res_forward
 .text.rpc_dfu_event_handler
                0x0000000000011a00       0x54 /home/parth/ncs/v2.8.0/nrfxlib/nrf_modem/lib/cellular/nrf9120/soft-float/libmodem.a(nrf_modem_delta_dfu.c.obj)
                0x0000000000011a00                rpc_dfu_event_handler
 .text.delta_dfu_res_cookie_get
                0x0000000000011a54        0x4 /home/parth/ncs/v2.8.0/nrfxlib/nrf_modem/lib/cellular/nrf9120/soft-float/libmodem.a(delta_dfu_reqres.c.obj)
                0x0000000000011a54                delta_dfu_res_cookie_get
 .text.delta_dfu_res_forward
                0x0000000000011a58        0x8 /home/parth/ncs/v2.8.0/nrfxlib/nrf_modem/lib/cellular/nrf9120/soft-float/libmodem.a(delta_dfu_reqres.c.obj)
                0x0000000000011a58                delta_dfu_res_forward
 .text.z_impl_k_busy_wait
                0x0000000000011a60        0x8 zephyr/kernel/libkernel.a(busy_wait.c.obj)
                0x0000000000011a60                z_impl_k_busy_wait
 .text.z_device_state_init
                0x0000000000011a68        0x2 zephyr/kernel/libkernel.a(device.c.obj)
                0x0000000000011a68                z_device_state_init
 .text.z_impl_device_is_ready
                0x0000000000011a6a       0x16 zephyr/kernel/libkernel.a(device.c.obj)
                0x0000000000011a6a                z_impl_device_is_ready
 .text.arch_system_halt
                0x0000000000011a80       0x10 zephyr/kernel/libkernel.a(fatal.c.obj)
                0x0000000000011a80                arch_system_halt
 .text.do_device_init
                0x0000000000011a90       0x30 zephyr/kernel/libkernel.a(init.c.obj)
 .text.z_early_memset
                0x0000000000011ac0        0x4 zephyr/kernel/libkernel.a(init.c.obj)
                0x0000000000011ac0                z_early_memset
 .text.z_early_memcpy
                0x0000000000011ac4        0x4 zephyr/kernel/libkernel.a(init.c.obj)
                0x0000000000011ac4                z_early_memcpy
 .text.z_init_static
                0x0000000000011ac8        0x2 zephyr/kernel/libkernel.a(init_static.c.obj)
                0x0000000000011ac8                z_init_static
 .text.k_heap_init
                0x0000000000011aca       0x10 zephyr/kernel/libkernel.a(kheap.c.obj)
                0x0000000000011aca                k_heap_init
 .text.k_heap_aligned_alloc
                0x0000000000011ada       0x82 zephyr/kernel/libkernel.a(kheap.c.obj)
                0x0000000000011ada                k_heap_aligned_alloc
 .text.k_heap_alloc
                0x0000000000011b5c       0x14 zephyr/kernel/libkernel.a(kheap.c.obj)
                0x0000000000011b5c                k_heap_alloc
 .text.k_heap_free
                0x0000000000011b70       0x38 zephyr/kernel/libkernel.a(kheap.c.obj)
                0x0000000000011b70                k_heap_free
 .text.idle     0x0000000000011ba8       0x16 zephyr/kernel/libkernel.a(idle.c.obj)
                0x0000000000011ba8                idle
 .text.adjust_owner_prio.isra.0
                0x0000000000011bbe       0x10 zephyr/kernel/libkernel.a(mutex.c.obj)
 .text.z_impl_k_sem_init
                0x0000000000011bce       0x18 zephyr/kernel/libkernel.a(sem.c.obj)
                0x0000000000011bce                z_impl_k_sem_init
 .text.k_is_in_isr
                0x0000000000011be6        0xc zephyr/kernel/libkernel.a(thread.c.obj)
                0x0000000000011be6                k_is_in_isr
 .text.z_impl_k_thread_name_set
                0x0000000000011bf2        0x6 zephyr/kernel/libkernel.a(thread.c.obj)
                0x0000000000011bf2                z_impl_k_thread_name_set
 .text.k_thread_name_get
                0x0000000000011bf8        0x4 zephyr/kernel/libkernel.a(thread.c.obj)
                0x0000000000011bf8                k_thread_name_get
 .text.z_impl_k_thread_start
                0x0000000000011bfc        0x4 zephyr/kernel/libkernel.a(thread.c.obj)
                0x0000000000011bfc                z_impl_k_thread_start
 .text.sys_dlist_remove
                0x0000000000011c00       0x10 zephyr/kernel/libkernel.a(sched.c.obj)
 .text.unpend_thread_no_timeout
                0x0000000000011c10       0x14 zephyr/kernel/libkernel.a(sched.c.obj)
 .text.add_to_waitq_locked
                0x0000000000011c24       0x50 zephyr/kernel/libkernel.a(sched.c.obj)
 .text.z_ready_thread
                0x0000000000011c74       0x1e zephyr/kernel/libkernel.a(sched.c.obj)
                0x0000000000011c74                z_ready_thread
 .text.z_impl_k_thread_suspend
                0x0000000000011c92       0x34 zephyr/kernel/libkernel.a(sched.c.obj)
                0x0000000000011c92                z_impl_k_thread_suspend
 .text.z_unpend_thread_no_timeout
                0x0000000000011cc6       0x22 zephyr/kernel/libkernel.a(sched.c.obj)
                0x0000000000011cc6                z_unpend_thread_no_timeout
 .text.z_sched_wake_thread
                0x0000000000011ce8       0x42 zephyr/kernel/libkernel.a(sched.c.obj)
                0x0000000000011ce8                z_sched_wake_thread
 .text.z_thread_timeout
                0x0000000000011d2a        0x8 zephyr/kernel/libkernel.a(sched.c.obj)
                0x0000000000011d2a                z_thread_timeout
 .text.z_unpend1_no_timeout
                0x0000000000011d32       0x2c zephyr/kernel/libkernel.a(sched.c.obj)
                0x0000000000011d32                z_unpend1_no_timeout
 .text.z_unpend_first_thread
                0x0000000000011d5e       0x36 zephyr/kernel/libkernel.a(sched.c.obj)
                0x0000000000011d5e                z_unpend_first_thread
 .text.z_unpend_thread
                0x0000000000011d94       0x10 zephyr/kernel/libkernel.a(sched.c.obj)
                0x0000000000011d94                z_unpend_thread
 .text.z_unpend_all
                0x0000000000011da4       0x26 zephyr/kernel/libkernel.a(sched.c.obj)
                0x0000000000011da4                z_unpend_all